## SerialGC

### 512M堆内存

20次Young GC(平均7.5ms)，17次Full GC(平均28.2ms)，总耗时630ms

```
2022-03-13T19:03:46.525+0800: [GC (Allocation Failure) 2022-03-13T19:03:46.525+0800: [DefNew: 14272K->1727K(16000K), 0.0033977 secs] 14272K->7528K(51520K), 0.0035377 secs] [Times: user=0.00 sys=0.00, real=0.00 secs]
2022-03-13T19:03:46.532+0800: [GC (Allocation Failure) 2022-03-13T19:03:46.532+0800: [DefNew: 15841K->1717K(16000K), 0.0021143 secs] 21641K->11367K(51520K), 0.0022181 secs] [Times: user=0.00 sys=0.02, real=0.00 secs]
2022-03-13T19:03:46.536+0800: [GC (Allocation Failure) 2022-03-13T19:03:46.536+0800: [DefNew: 15916K->1718K(16000K), 0.0027676 secs] 25566K->17825K(51520K), 0.0028774 secs] [Times: user=0.00 sys=0.00, real=0.00 secs]
2022-03-13T19:03:46.541+0800: [GC (Allocation Failure) 2022-03-13T19:03:46.546+0800: [DefNew: 15921K->1652K(16000K), 0.0018950 secs] 32028K->21568K(51520K), 0.0069579 secs] [Times: user=0.00 sys=0.00, real=0.01 secs]
2022-03-13T19:03:46.551+0800: [GC (Allocation Failure) 2022-03-13T19:03:46.551+0800: [DefNew: 15911K->1723K(16000K), 0.0021020 secs] 35827K->26581K(51520K), 0.0022401 secs] [Times: user=0.00 sys=0.00, real=0.00 secs]
2022-03-13T19:03:46.556+0800: [GC (Allocation Failure) 2022-03-13T19:03:46.557+0800: [DefNew: 15332K->1726K(16000K), 0.0025078 secs] 40190K->33462K(51520K), 0.0035563 secs] [Times: user=0.00 sys=0.00, real=0.00 secs]
2022-03-13T19:03:46.567+0800: [GC (Allocation Failure) 2022-03-13T19:03:46.567+0800: [DefNew: 15754K->1718K(16000K), 0.0020559 secs]2022-03-13T19:03:46.569+0800: [Tenured: 36477K->36455K(36484K), 0.0040625 secs] 47490K->38029K(52484K), [Metaspace: 2639K->2639K(1056768K)], 0.0067699 secs] [Times: user=0.00 sys=0.00, real=0.01 secs]
2022-03-13T19:03:46.578+0800: [GC (Allocation Failure) 2022-03-13T19:03:46.579+0800: [DefNew: 24384K->2994K(27392K), 0.0032920 secs] 60839K->46062K(88152K), 0.0046562 secs] [Times: user=0.00 sys=0.02, real=0.00 secs]
2022-03-13T19:03:46.586+0800: [GC (Allocation Failure) 2022-03-13T19:03:46.586+0800: [DefNew: 27171K->3001K(27392K), 0.0046652 secs] 70239K->54920K(88152K), 0.0048469 secs] [Times: user=0.00 sys=0.00, real=0.01 secs]
2022-03-13T19:03:46.594+0800: [GC (Allocation Failure) 2022-03-13T19:03:46.595+0800: [DefNew: 26875K->2971K(27392K), 0.0040290 secs] 78794K->63225K(88152K), 0.0052234 secs] [Times: user=0.02 sys=0.00, real=0.00 secs]
2022-03-13T19:03:46.601+0800: [GC (Allocation Failure) 2022-03-13T19:03:46.601+0800: [DefNew: 27205K->2993K(27392K), 0.0042049 secs]2022-03-13T19:03:46.605+0800: [Tenured: 69391K->66807K(69432K), 0.0063476 secs] 87460K->66807K(96824K), [Metaspace: 2639K->2639K(1056768K)], 0.0116186 secs] [Times: user=0.00 sys=0.00, real=0.01 secs]
2022-03-13T19:03:46.621+0800: [GC (Allocation Failure) 2022-03-13T19:03:46.622+0800: [DefNew: 44544K->5549K(50112K), 0.0051323 secs] 111351K->82325K(161460K), 0.0054823 secs] [Times: user=0.00 sys=0.00, real=0.01 secs]
2022-03-13T19:03:46.632+0800: [GC (Allocation Failure) 2022-03-13T19:03:46.633+0800: [DefNew: 49744K->5567K(50112K), 0.0086858 secs] 126521K->96940K(161460K), 0.0091043 secs] [Times: user=0.00 sys=0.00, real=0.01 secs]
2022-03-13T19:03:46.647+0800: [GC (Allocation Failure) 2022-03-13T19:03:46.647+0800: [DefNew: 49990K->5566K(50112K), 0.0058705 secs] 141362K->110443K(161460K), 0.0060202 secs] [Times: user=0.00 sys=0.00, real=0.01 secs]
2022-03-13T19:03:46.658+0800: [GC (Allocation Failure) 2022-03-13T19:03:46.658+0800: [DefNew: 50110K->5567K(50112K), 0.0074516 secs]2022-03-13T19:03:46.666+0800: [Tenured: 122934K->118388K(123068K), 0.0127247 secs] 154987K->118388K(173180K), [Metaspace: 2639K->2639K(1056768K)], 0.0215615 secs] [Times: user=0.03 sys=0.00, real=0.02 secs]
2022-03-13T19:03:46.695+0800: [GC (Allocation Failure) 2022-03-13T19:03:46.697+0800: [DefNew: 78853K->9847K(88832K), 0.0088767 secs] 197241K->146173K(286148K), 0.0111277 secs] [Times: user=0.00 sys=0.00, real=0.01 secs]
2022-03-13T19:03:46.716+0800: [GC (Allocation Failure) 2022-03-13T19:03:46.716+0800: [DefNew: 88823K->9855K(88832K), 0.0127676 secs] 225149K->170852K(286148K), 0.0134096 secs] [Times: user=0.02 sys=0.00, real=0.01 secs]
2022-03-13T19:03:46.738+0800: [GC (Allocation Failure) 2022-03-13T19:03:46.738+0800: [DefNew: 88388K->9855K(88832K), 0.0104123 secs] 249386K->196073K(286148K), 0.0108025 secs] [Times: user=0.00 sys=0.00, real=0.01 secs]
2022-03-13T19:03:46.761+0800: [GC (Allocation Failure) 2022-03-13T19:03:46.761+0800: [DefNew: 88831K->9848K(88832K), 0.0121481 secs]2022-03-13T19:03:46.773+0800: [Tenured: 214419K->182986K(214576K), 0.0182983 secs] 275049K->182986K(303408K), [Metaspace: 2639K->2639K(1056768K)], 0.0316581 secs] [Times: user=0.02 sys=0.01, real=0.03 secs]
2022-03-13T19:03:46.809+0800: [GC (Allocation Failure) 2022-03-13T19:03:46.809+0800: [DefNew: 122048K->15230K(137280K), 0.0090003 secs] 305034K->224337K(442260K), 0.0099845 secs] [Times: user=0.02 sys=0.00, real=0.01 secs]
2022-03-13T19:03:46.832+0800: [GC (Allocation Failure) 2022-03-13T19:03:46.832+0800: [DefNew: 137278K->15231K(137280K), 0.0176109 secs] 346385K->262466K(442260K), 0.0182102 secs] [Times: user=0.00 sys=0.02, real=0.02 secs]
2022-03-13T19:03:46.863+0800: [GC (Allocation Failure) 2022-03-13T19:03:46.863+0800: [DefNew: 137279K->15232K(137280K), 0.0158811 secs] 384514K->304195K(442260K), 0.0162759 secs] [Times: user=0.02 sys=0.00, real=0.02 secs]
2022-03-13T19:03:46.892+0800: [GC (Allocation Failure) 2022-03-13T19:03:46.892+0800: [DefNew: 137266K->15227K(137280K), 0.0164698 secs]2022-03-13T19:03:46.908+0800: [Tenured: 329568K->277371K(329724K), 0.0230016 secs] 426229K->277371K(467004K), [Metaspace: 2639K->2639K(1056768K)], 0.0404733 secs] [Times: user=0.03 sys=0.00, real=0.04 secs]
2022-03-13T19:03:46.946+0800: [GC (Allocation Failure) 2022-03-13T19:03:46.946+0800: [DefNew: 139776K->17471K(157248K), 0.0086922 secs] 417147K->319649K(506816K), 0.0089304 secs] [Times: user=0.00 sys=0.00, real=0.01 secs]
2022-03-13T19:03:46.971+0800: [GC (Allocation Failure) 2022-03-13T19:03:46.971+0800: [DefNew: 157247K->157247K(157248K), 0.0002642 secs]2022-03-13T19:03:46.971+0800: [Tenured: 302177K->293558K(349568K), 0.0293906 secs] 459425K->293558K(506816K), [Metaspace: 2639K->2639K(1056768K)], 0.0362950 secs] [Times: user=0.03 sys=0.00, real=0.04 secs]
2022-03-13T19:03:47.020+0800: [GC (Allocation Failure) 2022-03-13T19:03:47.020+0800: [DefNew: 139776K->17470K(157248K), 0.0070643 secs] 433334K->337702K(506816K), 0.0073488 secs] [Times: user=0.00 sys=0.00, real=0.01 secs]
2022-03-13T19:03:47.041+0800: [GC (Allocation Failure) 2022-03-13T19:03:47.041+0800: [DefNew: 157246K->157246K(157248K), 0.0002410 secs]2022-03-13T19:03:47.041+0800: [Tenured: 320232K->316810K(349568K), 0.0297417 secs] 477478K->316810K(506816K), [Metaspace: 2639K->2639K(1056768K)], 0.0308703 secs] [Times: user=0.03 sys=0.00, real=0.03 secs]
2022-03-13T19:03:47.085+0800: [GC (Allocation Failure) 2022-03-13T19:03:47.085+0800: [DefNew: 139710K->139710K(157248K), 0.0006741 secs]2022-03-13T19:03:47.086+0800: [Tenured: 316810K->311697K(349568K), 0.0313444 secs] 456520K->311697K(506816K), [Metaspace: 2639K->2639K(1056768K)], 0.0330139 secs] [Times: user=0.03 sys=0.00, real=0.03 secs]
2022-03-13T19:03:47.130+0800: [GC (Allocation Failure) 2022-03-13T19:03:47.131+0800: [DefNew: 139776K->139776K(157248K), 0.0002170 secs]2022-03-13T19:03:47.131+0800: [Tenured: 311697K->333358K(349568K), 0.0233048 secs] 451473K->333358K(506816K), [Metaspace: 2639K->2639K(1056768K)], 0.0246381 secs] [Times: user=0.01 sys=0.00, real=0.02 secs]
2022-03-13T19:03:47.168+0800: [GC (Allocation Failure) 2022-03-13T19:03:47.168+0800: [DefNew: 139776K->139776K(157248K), 0.0000841 secs]2022-03-13T19:03:47.169+0800: [Tenured: 333358K->339513K(349568K), 0.0324689 secs] 473134K->339513K(506816K), [Metaspace: 2639K->2639K(1056768K)], 0.0337639 secs] [Times: user=0.03 sys=0.00, real=0.03 secs]
2022-03-13T19:03:47.215+0800: [GC (Allocation Failure) 2022-03-13T19:03:47.215+0800: [DefNew: 139776K->139776K(157248K), 0.0002585 secs]2022-03-13T19:03:47.216+0800: [Tenured: 339513K->342780K(349568K), 0.0317785 secs] 479289K->342780K(506816K), [Metaspace: 2639K->2639K(1056768K)], 0.0332330 secs] [Times: user=0.03 sys=0.00, real=0.03 secs]
2022-03-13T19:03:47.263+0800: [GC (Allocation Failure) 2022-03-13T19:03:47.263+0800: [DefNew: 139776K->139776K(157248K), 0.0002868 secs]2022-03-13T19:03:47.264+0800: [Tenured: 342780K->337763K(349568K), 0.0381253 secs] 482556K->337763K(506816K), [Metaspace: 2639K->2639K(1056768K)], 0.0395470 secs] [Times: user=0.05 sys=0.00, real=0.04 secs]
2022-03-13T19:03:47.316+0800: [GC (Allocation Failure) 2022-03-13T19:03:47.318+0800: [DefNew: 139776K->139776K(157248K), 0.0005349 secs]2022-03-13T19:03:47.319+0800: [Tenured: 337763K->349411K(349568K), 0.0233525 secs] 477539K->358097K(506816K), [Metaspace: 2639K->2639K(1056768K)], 0.0269626 secs] [Times: user=0.02 sys=0.00, real=0.03 secs]
2022-03-13T19:03:47.357+0800: [Full GC (Allocation Failure) 2022-03-13T19:03:47.358+0800: [Tenured: 349411K->349449K(349568K), 0.0285889 secs] 506203K->362112K(506816K), [Metaspace: 2639K->2639K(1056768K)], 0.0289492 secs] [Times: user=0.02 sys=0.00, real=0.03 secs]
2022-03-13T19:03:47.401+0800: [Full GC (Allocation Failure) 2022-03-13T19:03:47.401+0800: [Tenured: 349449K->349550K(349568K), 0.0333620 secs] 506526K->365398K(506816K), [Metaspace: 2639K->2639K(1056768K)], 0.0338621 secs] [Times: user=0.03 sys=0.00, real=0.03 secs]
2022-03-13T19:03:47.448+0800: [Full GC (Allocation Failure) 2022-03-13T19:03:47.448+0800: [Tenured: 349550K->349367K(349568K), 0.0359828 secs] 506602K->360498K(506816K), [Metaspace: 2639K->2639K(1056768K)], 0.0363819 secs] [Times: user=0.03 sys=0.00, real=0.04 secs]
2022-03-13T19:03:47.500+0800: [Full GC (Allocation Failure) 2022-03-13T19:03:47.500+0800: [Tenured: 349526K->349542K(349568K), 0.0223261 secs] 506684K->389030K(506816K), [Metaspace: 2639K->2639K(1056768K)], 0.0232107 secs] [Times: user=0.03 sys=0.00, real=0.02 secs]
执行结束!共生成对象次数:12006
Heap
 def new generation   total 157248K, used 45548K [0x00000000e0000000, 0x00000000eaaa0000, 0x00000000eaaa0000)
  eden space 139776K,  32% used [0x00000000e0000000, 0x00000000e2c7b2f8, 0x00000000e8880000)
  from space 17472K,   0% used [0x00000000e8880000, 0x00000000e8880000, 0x00000000e9990000)
  to   space 17472K,   0% used [0x00000000e9990000, 0x00000000e9990000, 0x00000000eaaa0000)
 tenured generation   total 349568K, used 349542K [0x00000000eaaa0000, 0x0000000100000000, 0x0000000100000000)
   the space 349568K,  99% used [0x00000000eaaa0000, 0x00000000ffff98e0, 0x00000000ffff9a00, 0x0000000100000000)
 Metaspace       used 2645K, capacity 4486K, committed 4864K, reserved 1056768K
  class space    used 291K, capacity 386K, committed 512K, reserved 1048576K
```

### 1g堆内存

16次Young GC(平均21.2ms)，3次Full GC(平均40ms)，GC总耗时460ms

```
2022-03-13T18:58:33.934+0800: [GC (Allocation Failure) 2022-03-13T18:58:33.935+0800: [DefNew: 279616K->34944K(314560K), 0.0278780 secs] 279616K->75901K(1013632K), 0.0283169 secs] [Times: user=0.02 sys=0.02, real=0.03 secs]
2022-03-13T18:58:33.991+0800: [GC (Allocation Failure) 2022-03-13T18:58:33.991+0800: [DefNew: 314560K->34943K(314560K), 0.0403615 secs] 355517K->159823K(1013632K), 0.0408575 secs] [Times: user=0.01 sys=0.02, real=0.04 secs]
2022-03-13T18:58:34.058+0800: [GC (Allocation Failure) 2022-03-13T18:58:34.058+0800: [DefNew: 314536K->34943K(314560K), 0.0315885 secs] 439415K->242245K(1013632K), 0.0319652 secs] [Times: user=0.02 sys=0.02, real=0.03 secs]
2022-03-13T18:58:34.115+0800: [GC (Allocation Failure) 2022-03-13T18:58:34.115+0800: [DefNew: 314559K->34943K(314560K), 0.0336413 secs] 521861K->332448K(1013632K), 0.0342490 secs] [Times: user=0.01 sys=0.01, real=0.03 secs]
2022-03-13T18:58:34.171+0800: [GC (Allocation Failure) 2022-03-13T18:58:34.171+0800: [DefNew: 314559K->34943K(314560K), 0.0344006 secs] 612064K->419280K(1013632K), 0.0348465 secs] [Times: user=0.01 sys=0.03, real=0.04 secs]
2022-03-13T18:58:34.231+0800: [GC (Allocation Failure) 2022-03-13T18:58:34.231+0800: [DefNew: 314222K->34943K(314560K), 0.0289575 secs] 698558K->494584K(1013632K), 0.0295012 secs] [Times: user=0.00 sys=0.03, real=0.03 secs]
2022-03-13T18:58:34.285+0800: [GC (Allocation Failure) 2022-03-13T18:58:34.285+0800: [DefNew: 314559K->34943K(314560K), 0.0303503 secs] 774200K->573517K(1013632K), 0.0307642 secs] [Times: user=0.02 sys=0.02, real=0.03 secs]
2022-03-13T18:58:34.339+0800: [GC (Allocation Failure) 2022-03-13T18:58:34.339+0800: [DefNew: 314559K->34943K(314560K), 0.0300423 secs] 853133K->653289K(1013632K), 0.0302979 secs] [Times: user=0.01 sys=0.02, real=0.03 secs]
2022-03-13T18:58:34.395+0800: [GC (Allocation Failure) 2022-03-13T18:58:34.395+0800: [DefNew: 314559K->314559K(314560K), 0.0005587 secs]2022-03-13T18:58:34.396+0800: [Tenured: 618345K->396756K(699072K), 0.0351134 secs] 932905K->396756K(1013632K), [Metaspace: 2639K->2639K(1056768K)], 0.0367388 secs] [Times: user=0.03 sys=0.00, real=0.04 secs]
2022-03-13T18:58:34.457+0800: [GC (Allocation Failure) 2022-03-13T18:58:34.457+0800: [DefNew: 279616K->34943K(314560K), 0.0083029 secs] 676372K->482002K(1013632K), 0.0084865 secs] [Times: user=0.00 sys=0.00, real=0.01 secs]
2022-03-13T18:58:34.489+0800: [GC (Allocation Failure) 2022-03-13T18:58:34.490+0800: [DefNew: 314559K->34943K(314560K), 0.0112049 secs] 761618K->554202K(1013632K), 0.0117734 secs] [Times: user=0.00 sys=0.00, real=0.01 secs]
2022-03-13T18:58:34.523+0800: [GC (Allocation Failure) 2022-03-13T18:58:34.524+0800: [DefNew: 314559K->34943K(314560K), 0.0124886 secs] 833818K->637162K(1013632K), 0.0130006 secs] [Times: user=0.02 sys=0.00, real=0.01 secs]
2022-03-13T18:58:34.561+0800: [GC (Allocation Failure) 2022-03-13T18:58:34.561+0800: [DefNew: 314559K->314559K(314560K), 0.0005144 secs]2022-03-13T18:58:34.562+0800: [Tenured: 602218K->411989K(699072K), 0.0367107 secs] 916778K->411989K(1013632K), [Metaspace: 2639K->2639K(1056768K)], 0.0382920 secs] [Times: user=0.05 sys=0.00, real=0.04 secs]
2022-03-13T18:58:34.625+0800: [GC (Allocation Failure) 2022-03-13T18:58:34.625+0800: [DefNew: 279616K->34944K(314560K), 0.0083009 secs] 691605K->496211K(1013632K), 0.0085202 secs] [Times: user=0.02 sys=0.00, real=0.01 secs]
2022-03-13T18:58:34.658+0800: [GC (Allocation Failure) 2022-03-13T18:58:34.658+0800: [DefNew: 314560K->34943K(314560K), 0.0121648 secs] 775827K->573601K(1013632K), 0.0128486 secs] [Times: user=0.00 sys=0.00, real=0.01 secs]
2022-03-13T18:58:34.695+0800: [GC (Allocation Failure) 2022-03-13T18:58:34.695+0800: [DefNew: 314559K->34944K(314560K), 0.0114904 secs] 853217K->651651K(1013632K), 0.0119646 secs] [Times: user=0.02 sys=0.00, real=0.01 secs]
2022-03-13T18:58:34.732+0800: [GC (Allocation Failure) 2022-03-13T18:58:34.732+0800: [DefNew: 314560K->314560K(314560K), 0.0005383 secs]2022-03-13T18:58:34.732+0800: [Tenured: 616707K->402939K(699072K), 0.0361815 secs] 931267K->402939K(1013632K), [Metaspace: 2639K->2639K(1056768K)], 0.0378444 secs] [Times: user=0.05 sys=0.00, real=0.04 secs]
2022-03-13T18:58:34.792+0800: [GC (Allocation Failure) 2022-03-13T18:58:34.792+0800: [DefNew: 279616K->34943K(314560K), 0.0087336 secs] 682555K->493336K(1013632K), 0.0089631 secs] [Times: user=0.02 sys=0.00, real=0.01 secs]
2022-03-13T18:58:34.825+0800: [GC (Allocation Failure) 2022-03-13T18:58:34.825+0800: [DefNew: 314559K->34942K(314560K), 0.0106455 secs] 772952K->571651K(1013632K), 0.0114210 secs] [Times: user=0.02 sys=0.00, real=0.01 secs]
执行结束!共生成对象次数:20132
Heap
 def new generation   total 314560K, used 51921K [0x00000000c0000000, 0x00000000d5550000, 0x00000000d5550000)
  eden space 279616K,   6% used [0x00000000c0000000, 0x00000000c1094cb8, 0x00000000d1110000)
  from space 34944K,  99% used [0x00000000d1110000, 0x00000000d332fb20, 0x00000000d3330000)
  to   space 34944K,   0% used [0x00000000d3330000, 0x00000000d3330000, 0x00000000d5550000)
 tenured generation   total 699072K, used 536708K [0x00000000d5550000, 0x0000000100000000, 0x0000000100000000)
   the space 699072K,  76% used [0x00000000d5550000, 0x00000000f6171170, 0x00000000f6171200, 0x0000000100000000)
 Metaspace       used 2645K, capacity 4486K, committed 4864K, reserved 1056768K
  class space    used 291K, capacity 386K, committed 512K, reserved 1048576K
```

### 4g堆内存

4次Young GC(平均82.5ms)，总耗时330ms

```
2022-03-13T19:00:56.821+0800: [GC (Allocation Failure) 2022-03-13T19:00:56.821+0800: [DefNew: 1118528K->139776K(1258304K), 0.0849824 secs] 1118528K->252788K(4054528K), 0.0857188 secs] [Times: user=0.00 sys=0.08, real=0.09 secs]
2022-03-13T19:00:57.012+0800: [GC (Allocation Failure) 2022-03-13T19:00:57.012+0800: [DefNew: 1258304K->139775K(1258304K), 0.0967168 secs] 1371316K->405438K(4054528K), 0.0973435 secs] [Times: user=0.02 sys=0.08, real=0.10 secs]
2022-03-13T19:00:57.208+0800: [GC (Allocation Failure) 2022-03-13T19:00:57.208+0800: [DefNew: 1258303K->139776K(1258304K), 0.0651120 secs] 1523966K->561076K(4054528K), 0.0657325 secs] [Times: user=0.05 sys=0.02, real=0.07 secs]
2022-03-13T19:00:57.372+0800: [GC (Allocation Failure) 2022-03-13T19:00:57.372+0800: [DefNew: 1258304K->139775K(1258304K), 0.0656200 secs] 1679604K->717122K(4054528K), 0.0663152 secs] [Times: user=0.03 sys=0.03, real=0.07 secs]
执行结束!共生成对象次数:18156
Heap
 def new generation   total 1258304K, used 525809K [0x00000006c0000000, 0x0000000715550000, 0x0000000715550000)
  eden space 1118528K,  34% used [0x00000006c0000000, 0x00000006d78fc558, 0x0000000704450000)
  from space 139776K,  99% used [0x0000000704450000, 0x000000070cccfff8, 0x000000070ccd0000)
  to   space 139776K,   0% used [0x000000070ccd0000, 0x000000070ccd0000, 0x0000000715550000)
 tenured generation   total 2796224K, used 577346K [0x0000000715550000, 0x00000007c0000000, 0x00000007c0000000)
   the space 2796224K,  20% used [0x0000000715550000, 0x0000000738920a40, 0x0000000738920c00, 0x00000007c0000000)
 Metaspace       used 2645K, capacity 4486K, committed 4864K, reserved 1056768K
  class space    used 291K, capacity 386K, committed 512K, reserved 1048576K
```



## Parallel Scavenge + Parallel Old(Java8 默认)

### 512m内存

23次Young GC(平均4.78ms)，16次Full GC(平均38.1ms)，GC总耗时720ms

```
2022-03-13T18:55:59.384+0800: [GC (Allocation Failure) [PSYoungGen: 131584K->21499K(153088K)] 131584K->44092K(502784K), 0.0079418 secs] [Times: user=0.00 sys=0.00, real=0.01 secs]
2022-03-13T18:55:59.407+0800: [GC (Allocation Failure) [PSYoungGen: 153083K->21493K(153088K)] 175676K->83118K(502784K), 0.0101136 secs] [Times: user=0.03 sys=0.17, real=0.01 secs]
2022-03-13T18:55:59.429+0800: [GC (Allocation Failure) [PSYoungGen: 153077K->21494K(153088K)] 214702K->128381K(502784K), 0.0099084 secs] [Times: user=0.00 sys=0.00, real=0.01 secs]
2022-03-13T18:55:59.452+0800: [GC (Allocation Failure) [PSYoungGen: 153078K->21497K(153088K)] 259965K->170298K(502784K), 0.0093627 secs] [Times: user=0.02 sys=0.19, real=0.01 secs]
2022-03-13T18:55:59.473+0800: [GC (Allocation Failure) [PSYoungGen: 153081K->21492K(153088K)] 301882K->215195K(502784K), 0.0099815 secs] [Times: user=0.00 sys=0.00, real=0.01 secs]
2022-03-13T18:55:59.497+0800: [GC (Allocation Failure) [PSYoungGen: 153076K->21500K(80384K)] 346779K->260576K(430080K), 0.0091757 secs] [Times: user=0.01 sys=0.19, real=0.01 secs]
2022-03-13T18:55:59.512+0800: [GC (Allocation Failure) [PSYoungGen: 80380K->36176K(116736K)] 319456K->280706K(466432K), 0.0062249 secs] [Times: user=0.00 sys=0.00, real=0.01 secs]
2022-03-13T18:55:59.525+0800: [GC (Allocation Failure) [PSYoungGen: 95056K->45578K(116736K)] 339586K->295287K(466432K), 0.0064239 secs] [Times: user=0.00 sys=0.00, real=0.01 secs]
2022-03-13T18:55:59.537+0800: [GC (Allocation Failure) [PSYoungGen: 104458K->56492K(116736K)] 354167K->315587K(466432K), 0.0089693 secs] [Times: user=0.00 sys=0.00, real=0.01 secs]
2022-03-13T18:55:59.553+0800: [GC (Allocation Failure) [PSYoungGen: 115372K->42573K(116736K)] 374467K->333623K(466432K), 0.0093309 secs] [Times: user=0.00 sys=0.00, real=0.01 secs]
2022-03-13T18:55:59.562+0800: [Full GC (Ergonomics) [PSYoungGen: 42573K->0K(116736K)] [ParOldGen: 291049K->234062K(349696K)] 333623K->234062K(466432K), [Metaspace: 2639K->2639K(1056768K)], 0.0306675 secs] [Times: user=0.22 sys=0.00, real=0.03 secs]
2022-03-13T18:55:59.598+0800: [GC (Allocation Failure) [PSYoungGen: 58479K->19993K(116736K)] 292542K->254056K(466432K), 0.0032830 secs] [Times: user=0.00 sys=0.00, real=0.00 secs]
2022-03-13T18:55:59.608+0800: [GC (Allocation Failure) [PSYoungGen: 78634K->19255K(116736K)] 312697K->273152K(466432K), 0.0042234 secs] [Times: user=0.00 sys=0.00, real=0.00 secs]
2022-03-13T18:55:59.618+0800: [GC (Allocation Failure) [PSYoungGen: 78076K->24214K(116736K)] 331973K->296580K(466432K), 0.0050312 secs] [Times: user=0.00 sys=0.00, real=0.00 secs]
2022-03-13T18:55:59.628+0800: [GC (Allocation Failure) [PSYoungGen: 83094K->20805K(116736K)] 355460K->315776K(466432K), 0.0051017 secs] [Times: user=0.00 sys=0.00, real=0.00 secs]
2022-03-13T18:55:59.639+0800: [GC (Allocation Failure) [PSYoungGen: 79585K->17985K(116736K)] 374556K->332594K(466432K), 0.0044730 secs] [Times: user=0.16 sys=0.05, real=0.01 secs]
2022-03-13T18:55:59.644+0800: [Full GC (Ergonomics) [PSYoungGen: 17985K->0K(116736K)] [ParOldGen: 314609K->266272K(349696K)] 332594K->266272K(466432K), [Metaspace: 2639K->2639K(1056768K)], 0.0318396 secs] [Times: user=0.20 sys=0.02, real=0.03 secs]
2022-03-13T18:55:59.681+0800: [GC (Allocation Failure) [PSYoungGen: 58705K->18482K(116736K)] 324978K->284754K(466432K), 0.0023677 secs] [Times: user=0.00 sys=0.00, real=0.00 secs]
2022-03-13T18:55:59.690+0800: [GC (Allocation Failure) [PSYoungGen: 77102K->20369K(116736K)] 343375K->303969K(466432K), 0.0046793 secs] [Times: user=0.00 sys=0.00, real=0.00 secs]
2022-03-13T18:55:59.700+0800: [GC (Allocation Failure) [PSYoungGen: 79249K->25088K(116736K)] 362849K->327990K(466432K), 0.0047011 secs] [Times: user=0.00 sys=0.00, real=0.00 secs]
2022-03-13T18:55:59.710+0800: [GC (Allocation Failure) [PSYoungGen: 83510K->21946K(116736K)] 386412K->346839K(466432K), 0.0048043 secs] [Times: user=0.00 sys=0.00, real=0.00 secs]
2022-03-13T18:55:59.715+0800: [Full GC (Ergonomics) [PSYoungGen: 21946K->0K(116736K)] [ParOldGen: 324893K->294976K(349696K)] 346839K->294976K(466432K), [Metaspace: 2639K->2639K(1056768K)], 0.0343510 secs] [Times: user=0.41 sys=0.00, real=0.03 secs]
2022-03-13T18:55:59.755+0800: [GC (Allocation Failure) [PSYoungGen: 58880K->24873K(116736K)] 353856K->319850K(466432K), 0.0028974 secs] [Times: user=0.00 sys=0.00, real=0.00 secs]
2022-03-13T18:55:59.763+0800: [GC (Allocation Failure) [PSYoungGen: 83753K->20511K(116736K)] 378730K->339036K(466432K), 0.0050112 secs] [Times: user=0.00 sys=0.00, real=0.00 secs]
2022-03-13T18:55:59.768+0800: [Full GC (Ergonomics) [PSYoungGen: 20511K->0K(116736K)] [ParOldGen: 318524K->306998K(349696K)] 339036K->306998K(466432K), [Metaspace: 2639K->2639K(1056768K)], 0.0381056 secs] [Times: user=0.41 sys=0.00, real=0.04 secs]
2022-03-13T18:55:59.812+0800: [GC (Allocation Failure) [PSYoungGen: 58830K->19664K(116736K)] 365828K->326662K(466432K), 0.0023605 secs] [Times: user=0.00 sys=0.02, real=0.00 secs]
2022-03-13T18:55:59.822+0800: [GC (Allocation Failure) [PSYoungGen: 78544K->21832K(116736K)] 385542K->347217K(466432K), 0.0049907 secs] [Times: user=0.00 sys=0.00, real=0.00 secs]
2022-03-13T18:55:59.827+0800: [Full GC (Ergonomics) [PSYoungGen: 21832K->0K(116736K)] [ParOldGen: 325384K->316667K(349696K)] 347217K->316667K(466432K), [Metaspace: 2639K->2639K(1056768K)], 0.0393164 secs] [Times: user=0.59 sys=0.00, real=0.04 secs]
2022-03-13T18:55:59.872+0800: [Full GC (Ergonomics) [PSYoungGen: 58880K->0K(116736K)] [ParOldGen: 316667K->319994K(349696K)] 375547K->319994K(466432K), [Metaspace: 2639K->2639K(1056768K)], 0.0385953 secs] [Times: user=0.61 sys=0.00, real=0.04 secs]
2022-03-13T18:55:59.917+0800: [Full GC (Ergonomics) [PSYoungGen: 58880K->0K(116736K)] [ParOldGen: 319994K->324822K(349696K)] 378874K->324822K(466432K), [Metaspace: 2639K->2639K(1056768K)], 0.0377556 secs] [Times: user=0.41 sys=0.00, real=0.04 secs]
2022-03-13T18:55:59.962+0800: [Full GC (Ergonomics) [PSYoungGen: 58880K->0K(116736K)] [ParOldGen: 324822K->331546K(349696K)] 383702K->331546K(466432K), [Metaspace: 2639K->2639K(1056768K)], 0.0390645 secs] [Times: user=0.38 sys=0.00, real=0.04 secs]
2022-03-13T18:56:00.009+0800: [Full GC (Ergonomics) [PSYoungGen: 58749K->0K(116736K)] [ParOldGen: 331546K->329331K(349696K)] 390296K->329331K(466432K), [Metaspace: 2639K->2639K(1056768K)], 0.0422285 secs] [Times: user=0.38 sys=0.02, real=0.04 secs]
2022-03-13T18:56:00.058+0800: [Full GC (Ergonomics) [PSYoungGen: 58880K->0K(116736K)] [ParOldGen: 329331K->331766K(349696K)] 388211K->331766K(466432K), [Metaspace: 2639K->2639K(1056768K)], 0.0401185 secs] [Times: user=0.50 sys=0.00, real=0.04 secs]
2022-03-13T18:56:00.103+0800: [Full GC (Ergonomics) [PSYoungGen: 58835K->0K(116736K)] [ParOldGen: 331766K->335966K(349696K)] 390601K->335966K(466432K), [Metaspace: 2639K->2639K(1056768K)], 0.0399607 secs] [Times: user=0.36 sys=0.01, real=0.04 secs]
2022-03-13T18:56:00.149+0800: [Full GC (Ergonomics) [PSYoungGen: 58745K->0K(116736K)] [ParOldGen: 335966K->334544K(349696K)] 394712K->334544K(466432K), [Metaspace: 2639K->2639K(1056768K)], 0.0394486 secs] [Times: user=0.39 sys=0.00, real=0.04 secs]
2022-03-13T18:56:00.195+0800: [Full GC (Ergonomics) [PSYoungGen: 58852K->0K(116736K)] [ParOldGen: 334544K->337336K(349696K)] 393396K->337336K(466432K), [Metaspace: 2639K->2639K(1056768K)], 0.0385289 secs] [Times: user=0.39 sys=0.00, real=0.04 secs]
2022-03-13T18:56:00.240+0800: [Full GC (Ergonomics) [PSYoungGen: 58880K->0K(116736K)] [ParOldGen: 337336K->339550K(349696K)] 396216K->339550K(466432K), [Metaspace: 2639K->2639K(1056768K)], 0.0394228 secs] [Times: user=0.39 sys=0.00, real=0.04 secs]
2022-03-13T18:56:00.286+0800: [Full GC (Ergonomics) [PSYoungGen: 58594K->0K(116736K)] [ParOldGen: 339550K->343281K(349696K)] 398145K->343281K(466432K), [Metaspace: 2639K->2639K(1056768K)], 0.0407772 secs] [Times: user=0.36 sys=0.00, real=0.04 secs]
2022-03-13T18:56:00.334+0800: [Full GC (Ergonomics) [PSYoungGen: 58717K->0K(116736K)] [ParOldGen: 343281K->342280K(349696K)] 401998K->342280K(466432K), [Metaspace: 2639K->2639K(1056768K)], 0.0403805 secs] [Times: user=0.39 sys=0.00, real=0.04 secs]
执行结束!共生成对象次数:9121
Heap
 PSYoungGen      total 116736K, used 2517K [0x00000000f5580000, 0x0000000100000000, 0x0000000100000000)
  eden space 58880K, 4% used [0x00000000f5580000,0x00000000f57f5680,0x00000000f8f00000)
  from space 57856K, 0% used [0x00000000f8f00000,0x00000000f8f00000,0x00000000fc780000)
  to   space 57856K, 0% used [0x00000000fc780000,0x00000000fc780000,0x0000000100000000)
 ParOldGen       total 349696K, used 342280K [0x00000000e0000000, 0x00000000f5580000, 0x00000000f5580000)
  object space 349696K, 97% used [0x00000000e0000000,0x00000000f4e42210,0x00000000f5580000)
 Metaspace       used 2645K, capacity 4486K, committed 4864K, reserved 1056768K
  class space    used 291K, capacity 386K, committed 512K, reserved 1048576K
```

### 1g堆内存

31次Young GC(平均11.9ms)，2次Full GC(平均50ms)，GC共耗时470ms

```
2022-03-13T18:45:44.054+0800: [GC (Allocation Failure) [PSYoungGen: 262144K->43512K(305664K)] 262144K->78704K(1005056K), 0.0124063 secs] [Times: user=0.00 sys=0.00, real=0.01 secs]
2022-03-13T18:45:44.097+0800: [GC (Allocation Failure) [PSYoungGen: 305656K->43511K(305664K)] 340848K->153049K(1005056K), 0.0175887 secs] [Times: user=0.00 sys=0.20, real=0.02 secs]
2022-03-13T18:45:44.143+0800: [GC (Allocation Failure) [PSYoungGen: 305655K->43517K(305664K)] 415193K->233139K(1005056K), 0.0168385 secs] [Times: user=0.02 sys=0.00, real=0.02 secs]
2022-03-13T18:45:44.186+0800: [GC (Allocation Failure) [PSYoungGen: 305441K->43518K(305664K)] 495064K->298136K(1005056K), 0.0156768 secs] [Times: user=0.20 sys=0.00, real=0.02 secs]
2022-03-13T18:45:44.228+0800: [GC (Allocation Failure) [PSYoungGen: 305662K->43519K(305664K)] 560280K->371593K(1005056K), 0.0157508 secs] [Times: user=0.00 sys=0.20, real=0.02 secs]
2022-03-13T18:45:44.267+0800: [GC (Allocation Failure) [PSYoungGen: 305663K->43514K(160256K)] 633737K->442320K(859648K), 0.0166175 secs] [Times: user=0.11 sys=0.00, real=0.02 secs]
2022-03-13T18:45:44.296+0800: [GC (Allocation Failure) [PSYoungGen: 160250K->66483K(232960K)] 559056K->472760K(932352K), 0.0108280 secs] [Times: user=0.05 sys=0.16, real=0.01 secs]
2022-03-13T18:45:44.319+0800: [GC (Allocation Failure) [PSYoungGen: 182879K->91232K(232960K)] 589155K->508060K(932352K), 0.0137506 secs] [Times: user=0.00 sys=0.00, real=0.01 secs]
2022-03-13T18:45:44.345+0800: [GC (Allocation Failure) [PSYoungGen: 207856K->107637K(232960K)] 624683K->538667K(932352K), 0.0172725 secs] [Times: user=0.20 sys=0.00, real=0.02 secs]
2022-03-13T18:45:44.374+0800: [GC (Allocation Failure) [PSYoungGen: 224373K->82203K(232960K)] 655403K->571132K(932352K), 0.0187786 secs] [Times: user=0.11 sys=0.09, real=0.02 secs]
2022-03-13T18:45:44.405+0800: [GC (Allocation Failure) [PSYoungGen: 198939K->37834K(232960K)] 687868K->600200K(932352K), 0.0169754 secs] [Times: user=0.09 sys=0.11, real=0.02 secs]
2022-03-13T18:45:44.434+0800: [GC (Allocation Failure) [PSYoungGen: 154570K->36975K(232960K)] 716936K->633634K(932352K), 0.0106173 secs] [Times: user=0.13 sys=0.08, real=0.01 secs]
2022-03-13T18:45:44.445+0800: [Full GC (Ergonomics) [PSYoungGen: 36975K->0K(232960K)] [ParOldGen: 596658K->337467K(699392K)] 633634K->337467K(932352K), [Metaspace: 2639K->2639K(1056768K)], 0.0492975 secs] [Times: user=0.61 sys=0.00, real=0.05 secs]
2022-03-13T18:45:44.506+0800: [GC (Allocation Failure) [PSYoungGen: 116736K->41739K(232960K)] 454203K->379207K(932352K), 0.0046221 secs] [Times: user=0.00 sys=0.00, real=0.00 secs]
2022-03-13T18:45:44.523+0800: [GC (Allocation Failure) [PSYoungGen: 158475K->43147K(232960K)] 495943K->416140K(932352K), 0.0096451 secs] [Times: user=0.00 sys=0.00, real=0.01 secs]
2022-03-13T18:45:44.545+0800: [GC (Allocation Failure) [PSYoungGen: 159305K->36897K(232960K)] 532298K->448068K(932352K), 0.0099038 secs] [Times: user=0.20 sys=0.00, real=0.01 secs]
2022-03-13T18:45:44.567+0800: [GC (Allocation Failure) [PSYoungGen: 153633K->39754K(232960K)] 564804K->483674K(932352K), 0.0095403 secs] [Times: user=0.00 sys=0.00, real=0.01 secs]
2022-03-13T18:45:44.588+0800: [GC (Allocation Failure) [PSYoungGen: 156395K->43585K(232960K)] 600314K->521971K(932352K), 0.0106128 secs] [Times: user=0.20 sys=0.00, real=0.01 secs]
2022-03-13T18:45:44.611+0800: [GC (Allocation Failure) [PSYoungGen: 160321K->38254K(232960K)] 638707K->555540K(932352K), 0.0111101 secs] [Times: user=0.06 sys=0.00, real=0.01 secs]
2022-03-13T18:45:44.634+0800: [GC (Allocation Failure) [PSYoungGen: 154990K->42141K(232960K)] 672276K->591861K(932352K), 0.0116094 secs] [Times: user=0.00 sys=0.00, real=0.01 secs]
2022-03-13T18:45:44.658+0800: [GC (Allocation Failure) [PSYoungGen: 158877K->37954K(232960K)] 708597K->626193K(932352K), 0.0113154 secs] [Times: user=0.19 sys=0.01, real=0.01 secs]
2022-03-13T18:45:44.681+0800: [GC (Allocation Failure) [PSYoungGen: 154690K->37800K(232960K)] 742929K->660709K(932352K), 0.0099441 secs] [Times: user=0.00 sys=0.00, real=0.01 secs]
2022-03-13T18:45:44.702+0800: [GC (Allocation Failure) [PSYoungGen: 154536K->36509K(232960K)] 777445K->691272K(932352K), 0.0115404 secs] [Times: user=0.06 sys=0.09, real=0.01 secs]
2022-03-13T18:45:44.714+0800: [Full GC (Ergonomics) [PSYoungGen: 36509K->0K(232960K)] [ParOldGen: 654763K->351687K(699392K)] 691272K->351687K(932352K), [Metaspace: 2639K->2639K(1056768K)], 0.0482143 secs] [Times: user=0.52 sys=0.00, real=0.05 secs]
2022-03-13T18:45:44.777+0800: [GC (Allocation Failure) [PSYoungGen: 116736K->36908K(232960K)] 468423K->388595K(932352K), 0.0047896 secs] [Times: user=0.00 sys=0.00, real=0.00 secs]
2022-03-13T18:45:44.794+0800: [GC (Allocation Failure) [PSYoungGen: 153644K->37334K(232960K)] 505331K->421537K(932352K), 0.0091852 secs] [Times: user=0.20 sys=0.00, real=0.01 secs]
2022-03-13T18:45:44.815+0800: [GC (Allocation Failure) [PSYoungGen: 153907K->38842K(232960K)] 538111K->456900K(932352K), 0.0090440 secs] [Times: user=0.00 sys=0.00, real=0.01 secs]
2022-03-13T18:45:44.835+0800: [GC (Allocation Failure) [PSYoungGen: 155578K->40667K(236032K)] 573636K->494269K(935424K), 0.0112052 secs] [Times: user=0.00 sys=0.00, real=0.01 secs]
2022-03-13T18:45:44.858+0800: [GC (Allocation Failure) [PSYoungGen: 160475K->37832K(232960K)] 614077K->527168K(932352K), 0.0103488 secs] [Times: user=0.19 sys=0.00, real=0.01 secs]
2022-03-13T18:45:44.880+0800: [GC (Allocation Failure) [PSYoungGen: 157640K->44895K(245760K)] 646976K->567442K(945152K), 0.0101320 secs] [Times: user=0.00 sys=0.00, real=0.01 secs]
2022-03-13T18:45:44.904+0800: [GC (Allocation Failure) [PSYoungGen: 181599K->45622K(240128K)] 704146K->607887K(939520K), 0.0118254 secs] [Times: user=0.20 sys=0.00, real=0.01 secs]
2022-03-13T18:45:44.930+0800: [GC (Allocation Failure) [PSYoungGen: 182107K->38788K(253952K)] 744371K->640316K(953344K), 0.0106578 secs] [Times: user=0.00 sys=0.00, real=0.01 secs]
2022-03-13T18:45:44.956+0800: [GC (Allocation Failure) [PSYoungGen: 193924K->51453K(250368K)] 795452K->687579K(949760K), 0.0118542 secs] [Times: user=0.00 sys=0.00, real=0.01 secs]
执行结束!共生成对象次数:17375
Heap
 PSYoungGen      total 250368K, used 57912K [0x00000000eab00000, 0x0000000100000000, 0x0000000100000000)
  eden space 155136K, 4% used [0x00000000eab00000,0x00000000eb14ebf8,0x00000000f4280000)
  from space 95232K, 54% used [0x00000000f4280000,0x00000000f74bf4b0,0x00000000f9f80000)
  to   space 92160K, 0% used [0x00000000fa600000,0x00000000fa600000,0x0000000100000000)
 ParOldGen       total 699392K, used 636126K [0x00000000c0000000, 0x00000000eab00000, 0x00000000eab00000)
  object space 699392K, 90% used [0x00000000c0000000,0x00000000e6d37960,0x00000000eab00000)
 Metaspace       used 2645K, capacity 4486K, committed 4864K, reserved 1056768K
  class space    used 291K, capacity 386K, committed 512K, reserved 1048576K
```

### 4g堆内存

6次Young GC(平均38.3ms)，GC耗时230ms

```
2022-03-13T18:48:20.750+0800: [GC (Allocation Failure) [PSYoungGen: 1048576K->174582K(1223168K)] 1048576K->233029K(4019712K), 0.0322658 secs] [Times: user=0.13 sys=0.28, real=0.03 secs]
2022-03-13T18:48:20.880+0800: [GC (Allocation Failure) [PSYoungGen: 1223158K->174584K(1223168K)] 1281605K->373628K(4019712K), 0.0427198 secs] [Times: user=0.03 sys=0.31, real=0.04 secs]
2022-03-13T18:48:21.017+0800: [GC (Allocation Failure) [PSYoungGen: 1223160K->174586K(1223168K)] 1422204K->508190K(4019712K), 0.0380144 secs] [Times: user=0.38 sys=0.19, real=0.04 secs]
2022-03-13T18:48:21.149+0800: [GC (Allocation Failure) [PSYoungGen: 1223162K->174584K(1223168K)] 1556766K->634830K(4019712K), 0.0378687 secs] [Times: user=0.28 sys=0.13, real=0.04 secs]
2022-03-13T18:48:21.280+0800: [GC (Allocation Failure) [PSYoungGen: 1223160K->174587K(1223168K)] 1683406K->760215K(4019712K), 0.0371563 secs] [Times: user=0.48 sys=0.13, real=0.04 secs]
2022-03-13T18:48:21.410+0800: [GC (Allocation Failure) [PSYoungGen: 1223163K->174590K(902656K)] 1808791K->878235K(3699200K), 0.0365155 secs] [Times: user=0.20 sys=0.20, real=0.04 secs]
执行结束!共生成对象次数:23803
Heap
 PSYoungGen      total 902656K, used 203757K [0x000000076ab00000, 0x00000007c0000000, 0x00000007c0000000)
  eden space 728064K, 4% used [0x000000076ab00000,0x000000076c77bc48,0x0000000797200000)
  from space 174592K, 99% used [0x00000007b5580000,0x00000007bffff900,0x00000007c0000000)
  to   space 334848K, 0% used [0x0000000797200000,0x0000000797200000,0x00000007ab900000)
 ParOldGen       total 2796544K, used 703645K [0x00000006c0000000, 0x000000076ab00000, 0x000000076ab00000)
  object space 2796544K, 25% used [0x00000006c0000000,0x00000006eaf27418,0x000000076ab00000)
 Metaspace       used 2645K, capacity 4486K, committed 4864K, reserved 1056768K
  class space    used 291K, capacity 386K, committed 512K, reserved 1048576K
```

## CMS

### 512M堆内存

36次Young GC(平均6.23ms)，11次Full GC(平均35.2ms)，总耗时612ms

```
2022-03-13T19:07:17.859+0800: [GC (Allocation Failure)  139185K->46597K(506816K), 0.0077982 secs]
2022-03-13T19:07:17.884+0800: [GC (Allocation Failure)  186373K->89363K(506816K), 0.0115647 secs]
2022-03-13T19:07:17.911+0800: [GC (Allocation Failure)  229139K->133841K(506816K), 0.0203920 secs]
2022-03-13T19:07:17.947+0800: [GC (Allocation Failure)  273617K->179665K(506816K), 0.0197915 secs]
2022-03-13T19:07:17.979+0800: [GC (Allocation Failure)  319293K->229836K(506816K), 0.0234900 secs]
2022-03-13T19:07:18.003+0800: [GC (CMS Initial Mark)  233328K(506816K), 0.0018377 secs]
2022-03-13T19:07:18.021+0800: [GC (Allocation Failure)  369607K->271671K(506816K), 0.0183608 secs]
2022-03-13T19:07:18.054+0800: [GC (Allocation Failure)  411447K->311119K(506816K), 0.0179465 secs]
2022-03-13T19:07:18.087+0800: [GC (Allocation Failure)  450895K->349599K(506816K), 0.0168885 secs]
2022-03-13T19:07:18.104+0800: [GC (CMS Final Remark)  352577K(506816K), 0.0028239 secs]
2022-03-13T19:07:18.121+0800: [GC (Allocation Failure)  441311K->346455K(506816K), 0.0082400 secs]
2022-03-13T19:07:18.130+0800: [GC (CMS Initial Mark)  350127K(506816K), 0.0011243 secs]
2022-03-13T19:07:18.132+0800: [GC (CMS Final Remark)  358758K(506816K), 0.0012763 secs]
2022-03-13T19:07:18.148+0800: [GC (Allocation Failure)  391738K->301309K(506816K), 0.0082685 secs]
2022-03-13T19:07:18.156+0800: [GC (CMS Initial Mark)  304305K(506816K), 0.0007365 secs]
2022-03-13T19:07:18.172+0800: [GC (Allocation Failure)  441085K->344231K(506816K), 0.0079753 secs]
2022-03-13T19:07:18.181+0800: [GC (CMS Final Remark)  353412K(506816K), 0.0017611 secs]
2022-03-13T19:07:18.196+0800: [GC (Allocation Failure)  454377K->355689K(506816K), 0.0115830 secs]
2022-03-13T19:07:18.208+0800: [GC (CMS Initial Mark)  359071K(506816K), 0.0012902 secs]
2022-03-13T19:07:18.210+0800: [GC (CMS Final Remark)  368402K(506816K), 0.0012899 secs]
2022-03-13T19:07:18.225+0800: [GC (Allocation Failure)  432702K->338787K(506816K), 0.0090189 secs]
2022-03-13T19:07:18.234+0800: [GC (CMS Initial Mark)  341917K(506816K), 0.0010458 secs]
2022-03-13T19:07:18.249+0800: [Full GC (Allocation Failure)  478443K->313994K(506816K), 0.0321010 secs]
2022-03-13T19:07:18.294+0800: [GC (Allocation Failure)  453770K->506478K(506816K), 0.0094192 secs]
2022-03-13T19:07:18.303+0800: [Full GC (Allocation Failure)  506478K->322816K(506816K), 0.0339269 secs]
2022-03-13T19:07:18.338+0800: [GC (CMS Initial Mark)  326082K(506816K), 0.0012861 secs]
2022-03-13T19:07:18.354+0800: [Full GC (Allocation Failure)  462515K->331003K(506816K), 0.0340447 secs]
2022-03-13T19:07:18.403+0800: [Full GC (Allocation Failure)  470779K->331785K(506816K), 0.0339839 secs]
2022-03-13T19:07:18.438+0800: [GC (CMS Initial Mark)  331969K(506816K), 0.0010023 secs]
2022-03-13T19:07:18.452+0800: [Full GC (Allocation Failure)  471561K->342613K(506816K), 0.0352925 secs]
2022-03-13T19:07:18.500+0800: [Full GC (Allocation Failure)  482389K->342440K(506816K), 0.0358652 secs]
2022-03-13T19:07:18.537+0800: [GC (CMS Initial Mark)  345418K(506816K), 0.0012431 secs]
2022-03-13T19:07:18.540+0800: [GC (CMS Final Remark)  356235K(506816K), 0.0016129 secs]
2022-03-13T19:07:18.554+0800: [Full GC (Allocation Failure)  481067K->352865K(506816K), 0.0354264 secs]
2022-03-13T19:07:18.590+0800: [GC (CMS Initial Mark)  355921K(506816K), 0.0019252 secs]
2022-03-13T19:07:18.594+0800: [GC (CMS Final Remark)  373231K(506816K), 0.0031266 secs]
2022-03-13T19:07:18.612+0800: [Full GC (Allocation Failure)  504984K->348103K(506816K), 0.0349503 secs]
2022-03-13T19:07:18.648+0800: [GC (CMS Initial Mark)  351500K(506816K), 0.0013229 secs]
2022-03-13T19:07:18.651+0800: [GC (CMS Final Remark)  361624K(506816K), 0.0015824 secs]
2022-03-13T19:07:18.665+0800: [Full GC (Allocation Failure)  487186K->354127K(506816K), 0.0396724 secs]
2022-03-13T19:07:18.705+0800: [GC (CMS Initial Mark)  354308K(506816K), 0.0018954 secs]
2022-03-13T19:07:18.709+0800: [GC (CMS Final Remark)  374443K(506816K), 0.0014463 secs]
2022-03-13T19:07:18.722+0800: [Full GC (Allocation Failure)  506316K->359880K(506816K), 0.0373399 secs]
2022-03-13T19:07:18.761+0800: [GC (CMS Initial Mark)  362766K(506816K), 0.0011875 secs]
2022-03-13T19:07:18.764+0800: [GC (CMS Final Remark)  380451K(506816K), 0.0015062 secs]
2022-03-13T19:07:18.780+0800: [Full GC (Allocation Failure)  506666K->360411K(506816K), 0.0349752 secs]
2022-03-13T19:07:18.816+0800: [GC (CMS Initial Mark)  363368K(506816K), 0.0012433 secs]
执行结束!共生成对象次数:12923
```

### 1g堆内存

21次Young GC(平均17.6ms)，2次 Full GC(平均 36.3ms)，总耗时442ms

```
2022-03-13T19:07:56.272+0800: [GC (Allocation Failure)  279616K->81016K(1013632K), 0.0141602 secs]
2022-03-13T19:07:56.319+0800: [GC (Allocation Failure)  360632K->155179K(1013632K), 0.0173991 secs]
2022-03-13T19:07:56.364+0800: [GC (Allocation Failure)  434795K->229160K(1013632K), 0.0326293 secs]
2022-03-13T19:07:56.424+0800: [GC (Allocation Failure)  508776K->305643K(1013632K), 0.0324387 secs]
2022-03-13T19:07:56.483+0800: [GC (Allocation Failure)  585259K->380289K(1013632K), 0.0322835 secs]
2022-03-13T19:07:56.542+0800: [GC (Allocation Failure)  659905K->465509K(1013632K), 0.0358701 secs]
2022-03-13T19:07:56.578+0800: [GC (CMS Initial Mark)  471285K(1013632K), 0.0015082 secs]
2022-03-13T19:07:56.604+0800: [GC (Allocation Failure)  745125K->548401K(1013632K), 0.0359018 secs]
2022-03-13T19:07:56.668+0800: [GC (Allocation Failure)  828017K->632466K(1013632K), 0.0367920 secs]
2022-03-13T19:07:56.734+0800: [GC (Allocation Failure)  912082K->702776K(1013632K), 0.0298963 secs]
2022-03-13T19:07:56.764+0800: [GC (CMS Final Remark)  709240K(1013632K), 0.0031938 secs]
2022-03-13T19:07:56.794+0800: [GC (Allocation Failure)  804641K->609906K(1013632K), 0.0148055 secs]
2022-03-13T19:07:56.809+0800: [GC (CMS Initial Mark)  615672K(1013632K), 0.0013384 secs]
2022-03-13T19:07:56.839+0800: [GC (Allocation Failure)  889522K->681570K(1013632K), 0.0132624 secs]
2022-03-13T19:07:56.878+0800: [Full GC (Allocation Failure)  961186K->348689K(1013632K), 0.0354877 secs]
2022-03-13T19:07:56.939+0800: [GC (Allocation Failure)  628305K->435749K(1013632K), 0.0107527 secs]
2022-03-13T19:07:56.976+0800: [GC (Allocation Failure)  715365K->513939K(1013632K), 0.0130469 secs]
2022-03-13T19:07:56.990+0800: [GC (CMS Initial Mark)  520121K(1013632K), 0.0023761 secs]
2022-03-13T19:07:57.022+0800: [GC (Allocation Failure)  793555K->592295K(1013632K), 0.0138033 secs]
2022-03-13T19:07:57.061+0800: [GC (Allocation Failure)  871911K->678392K(1013632K), 0.0145614 secs]
2022-03-13T19:07:57.102+0800: [Full GC (Allocation Failure)  958008K->375988K(1013632K), 0.0371833 secs]
2022-03-13T19:07:57.166+0800: [GC (Allocation Failure)  655604K->466505K(1013632K), 0.0123350 secs]
2022-03-13T19:07:57.179+0800: [GC (CMS Initial Mark)  472353K(1013632K), 0.0014141 secs]
执行结束!共生成对象次数:19050
```

### 4g堆内存

0次Full GC，全部为Parallel Scavenge的Young GC

```
2022-03-13T19:08:12.494+0800: [GC (Allocation Failure)  886080K->215884K(4083584K), 0.0330667 secs]
2022-03-13T19:08:12.609+0800: [GC (Allocation Failure)  1101964K->358252K(4083584K), 0.0369788 secs]
2022-03-13T19:08:12.723+0800: [GC (Allocation Failure)  1244332K->506610K(4083584K), 0.0642217 secs]
2022-03-13T19:08:12.868+0800: [GC (Allocation Failure)  1392690K->659006K(4083584K), 0.0557730 secs]
2022-03-13T19:08:13.011+0800: [GC (Allocation Failure)  1545086K->808290K(4083584K), 0.0622123 secs]
2022-03-13T19:08:13.160+0800: [GC (Allocation Failure)  1694370K->953704K(4083584K), 0.0525061 secs]
```

## G1 GC

### 512M堆内存

61次Young GC(平均3.32ms)，4次Full GC(平均29.5ms)，15次Mixed GC(平均4.46ms)，总耗时517ms

```
2022-03-13T19:12:17.589+0800: [GC pause (G1 Evacuation Pause) (young) 32M->10M(512M), 0.0037622 secs]
2022-03-13T19:12:17.598+0800: [GC pause (G1 Evacuation Pause) (young) 39M->20M(512M), 0.0021585 secs]
2022-03-13T19:12:17.608+0800: [GC pause (G1 Evacuation Pause) (young) 64M->35M(512M), 0.0035090 secs]
2022-03-13T19:12:17.636+0800: [GC pause (G1 Evacuation Pause) (young) 135M->66M(512M), 0.0088324 secs]
2022-03-13T19:12:17.660+0800: [GC pause (G1 Evacuation Pause) (young) 169M->99M(512M), 0.0085876 secs]
2022-03-13T19:12:17.709+0800: [GC pause (G1 Evacuation Pause) (young) 291M->157M(512M), 0.0115868 secs]
2022-03-13T19:12:17.739+0800: [GC pause (G1 Evacuation Pause) (young) 310M->200M(512M), 0.0107741 secs]
2022-03-13T19:12:17.756+0800: [GC pause (G1 Humongous Allocation) (young) (initial-mark) 255M->217M(512M), 0.0046605 secs]
2022-03-13T19:12:17.760+0800: [GC concurrent-root-region-scan-start]
2022-03-13T19:12:17.761+0800: [GC concurrent-root-region-scan-end, 0.0006401 secs]
2022-03-13T19:12:17.761+0800: [GC concurrent-mark-start]
2022-03-13T19:12:17.763+0800: [GC concurrent-mark-end, 0.0012862 secs]
2022-03-13T19:12:17.763+0800: [GC remark, 0.0011791 secs]
2022-03-13T19:12:17.764+0800: [GC cleanup 236M->236M(512M), 0.0022956 secs]
2022-03-13T19:12:17.792+0800: [GC pause (G1 Evacuation Pause) (young)-- 409M->310M(512M), 0.0094235 secs]
2022-03-13T19:12:17.802+0800: [GC pause (G1 Evacuation Pause) (mixed) 320M->295M(512M), 0.0034190 secs]
2022-03-13T19:12:17.807+0800: [GC pause (G1 Humongous Allocation) (young) (initial-mark) 303M->298M(512M), 0.0012725 secs]
2022-03-13T19:12:17.808+0800: [GC concurrent-root-region-scan-start]
2022-03-13T19:12:17.808+0800: [GC concurrent-root-region-scan-end, 0.0004803 secs]
2022-03-13T19:12:17.809+0800: [GC concurrent-mark-start]
2022-03-13T19:12:17.810+0800: [GC concurrent-mark-end, 0.0012353 secs]
2022-03-13T19:12:17.810+0800: [GC remark, 0.0012223 secs]
2022-03-13T19:12:17.816+0800: [GC cleanup 320M->318M(512M), 0.0009563 secs]
2022-03-13T19:12:17.817+0800: [GC concurrent-cleanup-start]
2022-03-13T19:12:17.818+0800: [GC concurrent-cleanup-end, 0.0002945 secs]
2022-03-13T19:12:17.827+0800: [GC pause (G1 Evacuation Pause) (young) 412M->331M(512M), 0.0060782 secs]
2022-03-13T19:12:17.835+0800: [GC pause (G1 Evacuation Pause) (mixed) 347M->291M(512M), 0.0049472 secs]
2022-03-13T19:12:17.843+0800: [GC pause (G1 Evacuation Pause) (mixed) 323M->287M(512M), 0.0041535 secs]
2022-03-13T19:12:17.848+0800: [GC pause (G1 Humongous Allocation) (young) (initial-mark) 290M->288M(512M), 0.0014041 secs]
2022-03-13T19:12:17.849+0800: [GC concurrent-root-region-scan-start]
2022-03-13T19:12:17.850+0800: [GC concurrent-root-region-scan-end, 0.0005515 secs]
2022-03-13T19:12:17.850+0800: [GC concurrent-mark-start]
2022-03-13T19:12:17.852+0800: [GC concurrent-mark-end, 0.0018788 secs]
2022-03-13T19:12:17.852+0800: [GC remark, 0.0011414 secs]
2022-03-13T19:12:17.853+0800: [GC cleanup 311M->311M(512M), 0.0009748 secs]
2022-03-13T19:12:17.864+0800: [GC pause (G1 Evacuation Pause) (young) 410M->319M(512M), 0.0045586 secs]
2022-03-13T19:12:17.871+0800: [GC pause (G1 Evacuation Pause) (mixed) 334M->304M(512M), 0.0044566 secs]
2022-03-13T19:12:17.876+0800: [GC pause (G1 Humongous Allocation) (young) (initial-mark) 305M->304M(512M), 0.0011351 secs]
2022-03-13T19:12:17.877+0800: [GC concurrent-root-region-scan-start]
2022-03-13T19:12:17.883+0800: [GC concurrent-root-region-scan-end, 0.0056558 secs]
2022-03-13T19:12:17.883+0800: [GC concurrent-mark-start]
2022-03-13T19:12:17.885+0800: [GC concurrent-mark-end, 0.0016696 secs]
2022-03-13T19:12:17.885+0800: [GC remark, 0.0013691 secs]
2022-03-13T19:12:17.887+0800: [GC cleanup 382M->382M(512M), 0.0009334 secs]
2022-03-13T19:12:17.892+0800: [GC pause (G1 Evacuation Pause) (young) 418M->330M(512M), 0.0042841 secs]
2022-03-13T19:12:17.899+0800: [GC pause (G1 Evacuation Pause) (mixed) 347M->314M(512M), 0.0049250 secs]
2022-03-13T19:12:17.904+0800: [GC pause (G1 Humongous Allocation) (young) (initial-mark) 319M->315M(512M), 0.0021764 secs]
2022-03-13T19:12:17.907+0800: [GC concurrent-root-region-scan-start]
2022-03-13T19:12:17.907+0800: [GC concurrent-root-region-scan-end, 0.0004523 secs]
2022-03-13T19:12:17.913+0800: [GC concurrent-mark-start]
2022-03-13T19:12:17.915+0800: [GC concurrent-mark-end, 0.0013564 secs]
2022-03-13T19:12:17.915+0800: [GC remark, 0.0014736 secs]
2022-03-13T19:12:17.916+0800: [GC cleanup 395M->395M(512M), 0.0009811 secs]
2022-03-13T19:12:17.918+0800: [GC pause (G1 Evacuation Pause) (young) 403M->339M(512M), 0.0045769 secs]
2022-03-13T19:12:17.929+0800: [GC pause (G1 Evacuation Pause) (mixed) 356M->317M(512M), 0.0048716 secs]
2022-03-13T19:12:17.935+0800: [GC pause (G1 Humongous Allocation) (young) (initial-mark) 321M->317M(512M), 0.0025397 secs]
2022-03-13T19:12:17.937+0800: [GC concurrent-root-region-scan-start]
2022-03-13T19:12:17.938+0800: [GC concurrent-root-region-scan-end, 0.0004449 secs]
2022-03-13T19:12:17.944+0800: [GC concurrent-mark-start]
2022-03-13T19:12:17.945+0800: [GC concurrent-mark-end, 0.0015185 secs]
2022-03-13T19:12:17.946+0800: [GC remark, 0.0013275 secs]
2022-03-13T19:12:17.947+0800: [GC cleanup 408M->408M(512M), 0.0009521 secs]
2022-03-13T19:12:17.949+0800: [GC pause (G1 Evacuation Pause) (young) 412M->344M(512M), 0.0042620 secs]
2022-03-13T19:12:17.959+0800: [GC pause (G1 Evacuation Pause) (mixed) 368M->336M(512M), 0.0053819 secs]
2022-03-13T19:12:17.965+0800: [GC pause (G1 Humongous Allocation) (young) (initial-mark) 339M->335M(512M), 0.0014003 secs]
2022-03-13T19:12:17.967+0800: [GC concurrent-root-region-scan-start]
2022-03-13T19:12:17.968+0800: [GC concurrent-root-region-scan-end, 0.0003994 secs]
2022-03-13T19:12:17.974+0800: [GC concurrent-mark-start]
2022-03-13T19:12:17.975+0800: [GC pause (G1 Evacuation Pause) (young) 417M->359M(512M), 0.0046367 secs]
2022-03-13T19:12:17.980+0800: [GC concurrent-mark-end, 0.0062142 secs]
2022-03-13T19:12:17.981+0800: [GC remark, 0.0017280 secs]
2022-03-13T19:12:17.997+0800: [GC cleanup 370M->370M(512M), 0.0026241 secs]
2022-03-13T19:12:18.003+0800: [GC pause (G1 Evacuation Pause) (young) 409M->376M(512M), 0.0041342 secs]
2022-03-13T19:12:18.009+0800: [GC pause (G1 Evacuation Pause) (mixed) 400M->360M(512M), 0.0055198 secs]
2022-03-13T19:12:18.016+0800: [GC pause (G1 Humongous Allocation) (young) (initial-mark) 362M->359M(512M), 0.0011994 secs]
2022-03-13T19:12:18.017+0800: [GC concurrent-root-region-scan-start]
2022-03-13T19:12:18.022+0800: [GC pause (G1 Evacuation Pause) (young)2022-03-13T19:12:18.022+0800: [GC concurrent-root-region-scan-end, 0.0049078 secs]
2022-03-13T19:12:18.023+0800: [GC concurrent-mark-start]
 408M->372M(512M), 0.0035864 secs]
2022-03-13T19:12:18.027+0800: [GC concurrent-mark-end, 0.0042669 secs]
2022-03-13T19:12:18.027+0800: [GC remark, 0.0015554 secs]
2022-03-13T19:12:18.029+0800: [GC cleanup 382M->381M(512M), 0.0063042 secs]
2022-03-13T19:12:18.036+0800: [GC concurrent-cleanup-start]
2022-03-13T19:12:18.036+0800: [GC concurrent-cleanup-end, 0.0006981 secs]
2022-03-13T19:12:18.040+0800: [GC pause (G1 Evacuation Pause) (young) 412M->382M(512M), 0.0030411 secs]
2022-03-13T19:12:18.046+0800: [GC pause (G1 Evacuation Pause) (mixed) 406M->361M(512M), 0.0046074 secs]
2022-03-13T19:12:18.053+0800: [GC pause (G1 Evacuation Pause) (mixed) 386M->365M(512M), 0.0042697 secs]
2022-03-13T19:12:18.059+0800: [GC pause (G1 Humongous Allocation) (young) (initial-mark) 377M->368M(512M), 0.0027451 secs]
2022-03-13T19:12:18.061+0800: [GC concurrent-root-region-scan-start]
2022-03-13T19:12:18.066+0800: [GC concurrent-root-region-scan-end, 0.0041850 secs]
2022-03-13T19:12:18.066+0800: [GC concurrent-mark-start]
2022-03-13T19:12:18.069+0800: [GC pause (G1 Evacuation Pause) (young) 418M->386M(512M), 0.0063918 secs]
2022-03-13T19:12:18.075+0800: [GC concurrent-mark-end, 0.0090513 secs]
2022-03-13T19:12:18.076+0800: [GC remark, 0.0012946 secs]
2022-03-13T19:12:18.078+0800: [GC cleanup 409M->409M(512M), 0.0053845 secs]
2022-03-13T19:12:18.083+0800: [GC pause (G1 Evacuation Pause) (young) 411M->392M(512M), 0.0019514 secs]
2022-03-13T19:12:18.088+0800: [GC pause (G1 Evacuation Pause) (mixed) 417M->371M(512M), 0.0051217 secs]
2022-03-13T19:12:18.096+0800: [GC pause (G1 Evacuation Pause) (mixed) 399M->371M(512M), 0.0048690 secs]
2022-03-13T19:12:18.102+0800: [GC pause (G1 Humongous Allocation) (young) (initial-mark) 372M->371M(512M), 0.0012574 secs]
2022-03-13T19:12:18.103+0800: [GC concurrent-root-region-scan-start]
2022-03-13T19:12:18.103+0800: [GC concurrent-root-region-scan-end, 0.0004059 secs]
2022-03-13T19:12:18.104+0800: [GC concurrent-mark-start]
2022-03-13T19:12:18.107+0800: [GC pause (G1 Evacuation Pause) (young) 409M->382M(512M), 0.0026763 secs]
2022-03-13T19:12:18.111+0800: [GC concurrent-mark-end, 0.0079101 secs]
2022-03-13T19:12:18.114+0800: [GC pause (G1 Evacuation Pause) (young) 408M->388M(512M), 0.0028790 secs]
2022-03-13T19:12:18.116+0800: [GC remark, 0.0013780 secs]
2022-03-13T19:12:18.118+0800: [GC cleanup 388M->388M(512M), 0.0009141 secs]
2022-03-13T19:12:18.122+0800: [GC pause (G1 Evacuation Pause) (young) 419M->395M(512M), 0.0027387 secs]
2022-03-13T19:12:18.128+0800: [GC pause (G1 Evacuation Pause) (mixed)-- 421M->388M(512M), 0.0049633 secs]
2022-03-13T19:12:18.136+0800: [GC pause (G1 Evacuation Pause) (mixed) 417M->397M(512M), 0.0040397 secs]
2022-03-13T19:12:18.140+0800: [GC pause (G1 Humongous Allocation) (young) (initial-mark) 397M->396M(512M), 0.0053460 secs]
2022-03-13T19:12:18.146+0800: [GC concurrent-root-region-scan-start]
2022-03-13T19:12:18.146+0800: [GC concurrent-root-region-scan-end, 0.0004652 secs]
2022-03-13T19:12:18.146+0800: [GC concurrent-mark-start]
2022-03-13T19:12:18.149+0800: [GC pause (G1 Evacuation Pause) (young) 429M->408M(512M), 0.0021401 secs]
2022-03-13T19:12:18.151+0800: [GC concurrent-mark-end, 0.0050780 secs]
2022-03-13T19:12:18.152+0800: [GC remark, 0.0028540 secs]
2022-03-13T19:12:18.155+0800: [GC cleanup 412M->412M(512M), 0.0039650 secs]
2022-03-13T19:12:18.161+0800: [GC pause (G1 Evacuation Pause) (young) 438M->421M(512M), 0.0024317 secs]
2022-03-13T19:12:18.167+0800: [GC pause (G1 Humongous Allocation) (mixed)-- 449M->439M(512M), 0.0021272 secs]
2022-03-13T19:12:18.170+0800: [GC pause (G1 Humongous Allocation) (mixed)-- 450M->448M(512M), 0.0056821 secs]
2022-03-13T19:12:18.176+0800: [GC pause (G1 Humongous Allocation) (young) (initial-mark) 449M->447M(512M), 0.0010998 secs]
2022-03-13T19:12:18.177+0800: [GC concurrent-root-region-scan-start]
2022-03-13T19:12:18.178+0800: [GC concurrent-root-region-scan-end, 0.0003561 secs]
2022-03-13T19:12:18.178+0800: [GC concurrent-mark-start]
2022-03-13T19:12:18.178+0800: [GC pause (G1 Evacuation Pause) (young)-- 451M->450M(512M), 0.0014173 secs]
2022-03-13T19:12:18.179+0800: [GC pause (G1 Evacuation Pause) (young)-- 451M->451M(512M), 0.0009991 secs]
2022-03-13T19:12:18.181+0800: [Full GC (Allocation Failure)  451M->331M(512M), 0.0277721 secs]
2022-03-13T19:12:18.209+0800: [GC concurrent-mark-abort]
2022-03-13T19:12:18.210+0800: [GC pause (G1 Humongous Allocation) (young) (initial-mark) 345M->336M(512M), 0.0026682 secs]
2022-03-13T19:12:18.213+0800: [GC concurrent-root-region-scan-start]
2022-03-13T19:12:18.213+0800: [GC concurrent-root-region-scan-end, 0.0004218 secs]
2022-03-13T19:12:18.214+0800: [GC concurrent-mark-start]
2022-03-13T19:12:18.215+0800: [GC concurrent-mark-end, 0.0015018 secs]
2022-03-13T19:12:18.215+0800: [GC remark, 0.0011296 secs]
2022-03-13T19:12:18.216+0800: [GC cleanup 360M->360M(512M), 0.0009098 secs]
2022-03-13T19:12:18.218+0800: [GC pause (G1 Evacuation Pause) (young) 371M->344M(512M), 0.0022627 secs]
2022-03-13T19:12:18.221+0800: [GC pause (G1 Humongous Allocation) (young) (initial-mark) 346M->344M(512M), 0.0010960 secs]
2022-03-13T19:12:18.222+0800: [GC concurrent-root-region-scan-start]
2022-03-13T19:12:18.223+0800: [GC concurrent-root-region-scan-end, 0.0003692 secs]
2022-03-13T19:12:18.223+0800: [GC concurrent-mark-start]
2022-03-13T19:12:18.224+0800: [GC concurrent-mark-end, 0.0012853 secs]
2022-03-13T19:12:18.224+0800: [GC remark, 0.0011176 secs]
2022-03-13T19:12:18.226+0800: [GC cleanup 370M->370M(512M), 0.0007965 secs]
2022-03-13T19:12:18.227+0800: [GC pause (G1 Evacuation Pause) (young) 373M->350M(512M), 0.0020283 secs]
2022-03-13T19:12:18.236+0800: [GC pause (G1 Evacuation Pause) (mixed) 377M->355M(512M), 0.0027091 secs]
2022-03-13T19:12:18.239+0800: [GC pause (G1 Humongous Allocation) (young) (initial-mark) 356M->354M(512M), 0.0013873 secs]
2022-03-13T19:12:18.240+0800: [GC concurrent-root-region-scan-start]
2022-03-13T19:12:18.241+0800: [GC concurrent-root-region-scan-end, 0.0003946 secs]
2022-03-13T19:12:18.241+0800: [GC concurrent-mark-start]
2022-03-13T19:12:18.243+0800: [GC concurrent-mark-end, 0.0016038 secs]
2022-03-13T19:12:18.243+0800: [GC remark, 0.0012590 secs]
2022-03-13T19:12:18.246+0800: [GC cleanup 380M->380M(512M), 0.0063168 secs]
2022-03-13T19:12:18.253+0800: [GC pause (G1 Evacuation Pause) (young) 385M->364M(512M), 0.0021299 secs]
2022-03-13T19:12:18.258+0800: [GC pause (G1 Evacuation Pause) (mixed)-- 394M->369M(512M), 0.0044104 secs]
2022-03-13T19:12:18.263+0800: [GC pause (G1 Humongous Allocation) (young) (initial-mark) 371M->370M(512M), 0.0058103 secs]
2022-03-13T19:12:18.269+0800: [GC concurrent-root-region-scan-start]
2022-03-13T19:12:18.270+0800: [GC concurrent-root-region-scan-end, 0.0004766 secs]
2022-03-13T19:12:18.270+0800: [GC concurrent-mark-start]
2022-03-13T19:12:18.271+0800: [GC concurrent-mark-end, 0.0015354 secs]
2022-03-13T19:12:18.272+0800: [GC remark, 0.0012312 secs]
2022-03-13T19:12:18.273+0800: [GC cleanup 395M->395M(512M), 0.0008351 secs]
2022-03-13T19:12:18.274+0800: [GC pause (G1 Evacuation Pause) (young) 398M->376M(512M), 0.0019993 secs]
2022-03-13T19:12:18.280+0800: [GC pause (G1 Evacuation Pause) (mixed)-- 407M->401M(512M), 0.0066835 secs]
2022-03-13T19:12:18.288+0800: [GC pause (G1 Humongous Allocation) (young) (initial-mark) 409M->403M(512M), 0.0011434 secs]
2022-03-13T19:12:18.289+0800: [GC concurrent-root-region-scan-start]
2022-03-13T19:12:18.289+0800: [GC concurrent-root-region-scan-end, 0.0004257 secs]
2022-03-13T19:12:18.289+0800: [GC concurrent-mark-start]
2022-03-13T19:12:18.291+0800: 2022-03-13T19:12:18.295+0800: [GC pause (G1 Humongous Allocation) (young)[GC concurrent-mark-end, 0.0021027 secs]
-- 425M->419M(512M), 0.0050377 secs]
2022-03-13T19:12:18.297+0800: [GC remark, 0.0013534 secs]
2022-03-13T19:12:18.298+0800: [GC cleanup 420M->420M(512M), 0.0009203 secs]
2022-03-13T19:12:18.300+0800: [GC pause (G1 Evacuation Pause) (young)-- 426M->421M(512M), 0.0012798 secs]
2022-03-13T19:12:18.302+0800: [GC pause (G1 Evacuation Pause) (mixed)-- 427M->427M(512M), 0.0011475 secs]
2022-03-13T19:12:18.304+0800: [GC pause (G1 Evacuation Pause) (mixed)-- 428M->427M(512M), 0.0013170 secs]
2022-03-13T19:12:18.306+0800: [GC pause (G1 Evacuation Pause) (young)-- 428M->427M(512M), 0.0022390 secs]
2022-03-13T19:12:18.308+0800: [GC pause (G1 Evacuation Pause) (young) (initial-mark)-- 428M->428M(512M), 0.0054382 secs]
2022-03-13T19:12:18.314+0800: [GC concurrent-root-region-scan-start]
2022-03-13T19:12:18.314+0800: [GC concurrent-root-region-scan-end, 0.0002836 secs]
2022-03-13T19:12:18.314+0800: [GC concurrent-mark-start]
2022-03-13T19:12:18.314+0800: [Full GC (Allocation Failure)  428M->340M(512M), 0.0317968 secs]
2022-03-13T19:12:18.346+0800: [GC concurrent-mark-abort]
2022-03-13T19:12:18.347+0800: [GC pause (G1 Humongous Allocation) (young) (initial-mark) 352M->342M(512M), 0.0031858 secs]
2022-03-13T19:12:18.350+0800: [GC concurrent-root-region-scan-start]
2022-03-13T19:12:18.351+0800: [GC concurrent-root-region-scan-end, 0.0004139 secs]
2022-03-13T19:12:18.351+0800: [GC concurrent-mark-start]
2022-03-13T19:12:18.353+0800: [GC concurrent-mark-end, 0.0014812 secs]
2022-03-13T19:12:18.353+0800: [GC remark, 0.0017405 secs]
2022-03-13T19:12:18.355+0800: [GC cleanup 362M->362M(512M), 0.0009891 secs]
2022-03-13T19:12:18.357+0800: [GC pause (G1 Evacuation Pause) (young) 372M->352M(512M), 0.0024157 secs]
2022-03-13T19:12:18.359+0800: [GC pause (G1 Humongous Allocation) (young) (initial-mark) 353M->353M(512M), 0.0011647 secs]
2022-03-13T19:12:18.361+0800: [GC concurrent-root-region-scan-start]
2022-03-13T19:12:18.361+0800: [GC concurrent-root-region-scan-end, 0.0004923 secs]
2022-03-13T19:12:18.361+0800: [GC concurrent-mark-start]
2022-03-13T19:12:18.362+0800: [GC concurrent-mark-end, 0.0010882 secs]
2022-03-13T19:12:18.367+0800: [GC remark, 0.0028100 secs]
2022-03-13T19:12:18.370+0800: [GC cleanup 375M->375M(512M), 0.0048676 secs]
2022-03-13T19:12:18.377+0800: [GC pause (G1 Evacuation Pause) (young) 384M->360M(512M), 0.0022344 secs]
2022-03-13T19:12:18.381+0800: [GC pause (G1 Evacuation Pause) (mixed) 388M->364M(512M), 0.0036398 secs]
2022-03-13T19:12:18.385+0800: [GC pause (G1 Humongous Allocation) (young) (initial-mark) 364M->365M(512M), 0.0012988 secs]
2022-03-13T19:12:18.387+0800: [GC concurrent-root-region-scan-start]
2022-03-13T19:12:18.391+0800: [GC pause (G1 Evacuation Pause) (young)2022-03-13T19:12:18.392+0800: [GC concurrent-root-region-scan-end, 0.0047538 secs]
2022-03-13T19:12:18.392+0800: [GC concurrent-mark-start]
 396M->373M(512M), 0.0041739 secs]
2022-03-13T19:12:18.395+0800: [GC concurrent-mark-end, 0.0030981 secs]
2022-03-13T19:12:18.395+0800: [GC remark, 0.0013705 secs]
2022-03-13T19:12:18.396+0800: [GC cleanup 384M->384M(512M), 0.0009215 secs]
2022-03-13T19:12:18.400+0800: [GC pause (G1 Evacuation Pause) (young) 401M->383M(512M), 0.0061245 secs]
2022-03-13T19:12:18.409+0800: [GC pause (G1 Evacuation Pause) (mixed)-- 411M->404M(512M), 0.0023638 secs]
2022-03-13T19:12:18.412+0800: [GC pause (G1 Humongous Allocation) (young) (initial-mark) 407M->403M(512M), 0.0011887 secs]
2022-03-13T19:12:18.413+0800: [GC concurrent-root-region-scan-start]
2022-03-13T19:12:18.413+0800: [GC concurrent-root-region-scan-end, 0.0003835 secs]
2022-03-13T19:12:18.416+0800: [GC pause (G1 Evacuation Pause) (young)2022-03-13T19:12:18.416+0800: [GC concurrent-mark-start]
-- 420M->414M(512M), 0.0021194 secs]
2022-03-13T19:12:18.422+0800: [GC concurrent-mark-end, 0.0067360 secs]
2022-03-13T19:12:18.423+0800: [GC remark, 0.0011240 secs]
2022-03-13T19:12:18.424+0800: [GC cleanup 422M->422M(512M), 0.0009002 secs]
2022-03-13T19:12:18.425+0800: [GC pause (G1 Evacuation Pause) (young)-- 424M->420M(512M), 0.0013101 secs]
2022-03-13T19:12:18.427+0800: [GC pause (G1 Evacuation Pause) (mixed)-- 424M->423M(512M), 0.0012231 secs]
2022-03-13T19:12:18.428+0800: [GC pause (G1 Humongous Allocation) (mixed)-- 424M->423M(512M), 0.0014449 secs]
2022-03-13T19:12:18.434+0800: [GC pause (G1 Evacuation Pause) (young) (initial-mark) 424M->424M(512M), 0.0011931 secs]
2022-03-13T19:12:18.435+0800: [GC concurrent-root-region-scan-start]
2022-03-13T19:12:18.435+0800: [GC concurrent-root-region-scan-end, 0.0002794 secs]
2022-03-13T19:12:18.436+0800: [GC pause (G1 Evacuation Pause) (young)2022-03-13T19:12:18.436+0800: [GC concurrent-mark-start]
 424M->424M(512M), 0.0018064 secs]
2022-03-13T19:12:18.437+0800: [Full GC (Allocation Failure)  424M->344M(512M), 0.0290780 secs]
2022-03-13T19:12:18.467+0800: [GC concurrent-mark-abort]
2022-03-13T19:12:18.468+0800: [GC pause (G1 Humongous Allocation) (young) (initial-mark) 352M->346M(512M), 0.0022763 secs]
2022-03-13T19:12:18.470+0800: [GC concurrent-root-region-scan-start]
2022-03-13T19:12:18.470+0800: [GC concurrent-root-region-scan-end, 0.0003668 secs]
2022-03-13T19:12:18.470+0800: [GC concurrent-mark-start]
2022-03-13T19:12:18.472+0800: [GC concurrent-mark-end, 0.0013083 secs]
2022-03-13T19:12:18.472+0800: [GC remark, 0.0011560 secs]
2022-03-13T19:12:18.473+0800: [GC cleanup 371M->371M(512M), 0.0009009 secs]
2022-03-13T19:12:18.474+0800: [GC pause (G1 Evacuation Pause) (young) 373M->355M(512M), 0.0019826 secs]
2022-03-13T19:12:18.479+0800: [GC pause (G1 Humongous Allocation) (young) (initial-mark) 360M->356M(512M), 0.0050751 secs]
2022-03-13T19:12:18.484+0800: [GC concurrent-root-region-scan-start]
2022-03-13T19:12:18.484+0800: [GC concurrent-root-region-scan-end, 0.0005113 secs]
2022-03-13T19:12:18.485+0800: [GC concurrent-mark-start]
2022-03-13T19:12:18.486+0800: [GC concurrent-mark-end, 0.0017672 secs]
2022-03-13T19:12:18.488+0800: [GC pause (G1 Evacuation Pause) (young) 385M->362M(512M), 0.0021542 secs]
2022-03-13T19:12:18.490+0800: [GC remark, 0.0012978 secs]
2022-03-13T19:12:18.493+0800: [GC cleanup 362M->362M(512M), 0.0045466 secs]
2022-03-13T19:12:18.501+0800: [GC pause (G1 Evacuation Pause) (young) 391M->371M(512M), 0.0024133 secs]
2022-03-13T19:12:18.506+0800: [GC pause (G1 Evacuation Pause) (mixed)-- 399M->379M(512M), 0.0033575 secs]
2022-03-13T19:12:18.510+0800: [GC pause (G1 Humongous Allocation) (young) (initial-mark) 384M->380M(512M), 0.0050585 secs]
2022-03-13T19:12:18.516+0800: [GC concurrent-root-region-scan-start]
2022-03-13T19:12:18.516+0800: [GC concurrent-root-region-scan-end, 0.0005575 secs]
2022-03-13T19:12:18.517+0800: [GC concurrent-mark-start]
2022-03-13T19:12:18.519+0800: [GC concurrent-mark-end, 0.0021070 secs]
2022-03-13T19:12:18.519+0800: [GC remark, 0.0011859 secs]
2022-03-13T19:12:18.520+0800: [GC cleanup 409M->409M(512M), 0.0008631 secs]
2022-03-13T19:12:18.522+0800: [GC pause (G1 Evacuation Pause) (young)-- 412M->406M(512M), 0.0020394 secs]
2022-03-13T19:12:18.526+0800: [GC pause (G1 Humongous Allocation) (mixed)-- 420M->417M(512M), 0.0033026 secs]
2022-03-13T19:12:18.530+0800: [GC pause (G1 Evacuation Pause) (mixed)-- 420M->419M(512M), 0.0010828 secs]
2022-03-13T19:12:18.531+0800: [GC pause (G1 Humongous Allocation) (young) (initial-mark) 420M->419M(512M), 0.0009754 secs]
2022-03-13T19:12:18.532+0800: [GC concurrent-root-region-scan-start]
2022-03-13T19:12:18.532+0800: [GC pause (G1 Evacuation Pause) (young)2022-03-13T19:12:18.533+0800: [GC concurrent-root-region-scan-end, 0.0003185 secs]
2022-03-13T19:12:18.533+0800: [GC concurrent-mark-start]
-- 420M->420M(512M), 0.0013581 secs]
2022-03-13T19:12:18.534+0800: [GC pause (G1 Evacuation Pause) (young) 420M->420M(512M), 0.0022290 secs]
2022-03-13T19:12:18.536+0800: [Full GC (Allocation Failure)  420M->351M(512M), 0.0294577 secs]
2022-03-13T19:12:18.566+0800: [GC concurrent-mark-abort]
2022-03-13T19:12:18.567+0800: [GC pause (G1 Humongous Allocation) (young) (initial-mark) 362M->354M(512M), 0.0035938 secs]
2022-03-13T19:12:18.570+0800: [GC concurrent-root-region-scan-start]
2022-03-13T19:12:18.571+0800: [GC concurrent-root-region-scan-end, 0.0004610 secs]
2022-03-13T19:12:18.571+0800: [GC concurrent-mark-start]
2022-03-13T19:12:18.572+0800: [GC concurrent-mark-end, 0.0012874 secs]
2022-03-13T19:12:18.573+0800: [GC remark, 0.0013321 secs]
2022-03-13T19:12:18.574+0800: [GC cleanup 379M->379M(512M), 0.0009228 secs]
执行结束!共生成对象次数:10878
```

### 1g堆内存

19次Young GC(平均6.57ms)，21次Mixed GC(平均6.46ms)，总耗时300ms

```
2022-03-13T19:12:47.059+0800: [GC pause (G1 Evacuation Pause) (young) 61M->20M(1024M), 0.0043564 secs]
2022-03-13T19:12:47.073+0800: [GC pause (G1 Evacuation Pause) (young) 80M->42M(1024M), 0.0040679 secs]
2022-03-13T19:12:47.084+0800: [GC pause (G1 Evacuation Pause) (young) 101M->64M(1024M), 0.0055023 secs]
2022-03-13T19:12:47.104+0800: [GC pause (G1 Evacuation Pause) (young) 146M->87M(1024M), 0.0074571 secs]
2022-03-13T19:12:47.332+0800: [GC pause (G1 Evacuation Pause) (young)-- 856M->553M(1024M), 0.0150230 secs]
2022-03-13T19:12:47.348+0800: [GC pause (G1 Humongous Allocation) (young) (initial-mark) 557M->554M(1024M), 0.0079116 secs]
2022-03-13T19:12:47.356+0800: [GC concurrent-root-region-scan-start]
2022-03-13T19:12:47.356+0800: [GC concurrent-root-region-scan-end, 0.0002214 secs]
2022-03-13T19:12:47.356+0800: [GC concurrent-mark-start]
2022-03-13T19:12:47.357+0800: [GC concurrent-mark-end, 0.0012463 secs]
2022-03-13T19:12:47.357+0800: [GC remark, 0.0011236 secs]
2022-03-13T19:12:47.359+0800: [GC cleanup 570M->568M(1024M), 0.0008463 secs]
2022-03-13T19:12:47.360+0800: [GC concurrent-cleanup-start]
2022-03-13T19:12:47.360+0800: [GC concurrent-cleanup-end, 0.0000607 secs]
2022-03-13T19:12:47.393+0800: [GC pause (G1 Evacuation Pause) (young)-- 888M->764M(1024M), 0.0085580 secs]
2022-03-13T19:12:47.404+0800: [GC pause (G1 Evacuation Pause) (mixed) 785M->673M(1024M), 0.0057535 secs]
2022-03-13T19:12:47.416+0800: [GC pause (G1 Evacuation Pause) (mixed) 729M->600M(1024M), 0.0046864 secs]
2022-03-13T19:12:47.427+0800: [GC pause (G1 Evacuation Pause) (mixed) 658M->531M(1024M), 0.0052812 secs]
2022-03-13T19:12:47.438+0800: [GC pause (G1 Evacuation Pause) (mixed) 583M->537M(1024M), 0.0036230 secs]
2022-03-13T19:12:47.442+0800: [GC pause (G1 Humongous Allocation) (young) (initial-mark) 538M->536M(1024M), 0.0018576 secs]
2022-03-13T19:12:47.444+0800: [GC concurrent-root-region-scan-start]
2022-03-13T19:12:47.445+0800: [GC concurrent-root-region-scan-end, 0.0004141 secs]
2022-03-13T19:12:47.447+0800: [GC concurrent-mark-start]
2022-03-13T19:12:47.448+0800: [GC concurrent-mark-end, 0.0015185 secs]
2022-03-13T19:12:47.453+0800: [GC remark, 0.0015477 secs]
2022-03-13T19:12:47.455+0800: [GC cleanup 621M->589M(1024M), 0.0012418 secs]
2022-03-13T19:12:47.456+0800: [GC concurrent-cleanup-start]
2022-03-13T19:12:47.457+0800: [GC concurrent-cleanup-end, 0.0003172 secs]
2022-03-13T19:12:47.487+0800: [GC pause (G1 Evacuation Pause) (young)-- 873M->728M(1024M), 0.0087856 secs]
2022-03-13T19:12:47.498+0800: [GC pause (G1 Evacuation Pause) (mixed) 744M->641M(1024M), 0.0058399 secs]
2022-03-13T19:12:47.510+0800: [GC pause (G1 Evacuation Pause) (mixed) 699M->586M(1024M), 0.0054972 secs]
2022-03-13T19:12:47.515+0800: [GC pause (G1 Humongous Allocation) (young) (initial-mark) 586M->586M(1024M), 0.0018403 secs]
2022-03-13T19:12:47.517+0800: [GC concurrent-root-region-scan-start]
2022-03-13T19:12:47.518+0800: [GC concurrent-root-region-scan-end, 0.0004736 secs]
2022-03-13T19:12:47.518+0800: [GC concurrent-mark-start]
2022-03-13T19:12:47.519+0800: [GC concurrent-mark-end, 0.0014971 secs]
2022-03-13T19:12:47.520+0800: [GC remark, 0.0012129 secs]
2022-03-13T19:12:47.521+0800: [GC cleanup 608M->590M(1024M), 0.0026305 secs]
2022-03-13T19:12:47.524+0800: [GC concurrent-cleanup-start]
2022-03-13T19:12:47.528+0800: [GC concurrent-cleanup-end, 0.0046866 secs]
2022-03-13T19:12:47.551+0800: [GC pause (G1 Evacuation Pause) (young) 850M->627M(1024M), 0.0101949 secs]
2022-03-13T19:12:47.564+0800: [GC pause (G1 Evacuation Pause) (mixed) 652M->572M(1024M), 0.0050311 secs]
2022-03-13T19:12:47.576+0800: [GC pause (G1 Evacuation Pause) (mixed) 626M->545M(1024M), 0.0045829 secs]
2022-03-13T19:12:47.588+0800: [GC pause (G1 Evacuation Pause) (mixed) 604M->527M(1024M), 0.0058457 secs]
2022-03-13T19:12:47.600+0800: [GC pause (G1 Evacuation Pause) (mixed) 579M->508M(1024M), 0.0064332 secs]
2022-03-13T19:12:47.611+0800: [GC pause (G1 Evacuation Pause) (mixed) 561M->506M(1024M), 0.0059909 secs]
2022-03-13T19:12:47.618+0800: [GC pause (G1 Humongous Allocation) (young) (initial-mark) 506M->506M(1024M), 0.0066762 secs]
2022-03-13T19:12:47.624+0800: [GC concurrent-root-region-scan-start]
2022-03-13T19:12:47.625+0800: [GC concurrent-root-region-scan-end, 0.0006885 secs]
2022-03-13T19:12:47.625+0800: [GC concurrent-mark-start]
2022-03-13T19:12:47.628+0800: [GC concurrent-mark-end, 0.0022391 secs]
2022-03-13T19:12:47.628+0800: [GC remark, 0.0012292 secs]
2022-03-13T19:12:47.629+0800: [GC cleanup 537M->531M(1024M), 0.0011594 secs]
2022-03-13T19:12:47.630+0800: [GC concurrent-cleanup-start]
2022-03-13T19:12:47.631+0800: [GC concurrent-cleanup-end, 0.0003055 secs]
2022-03-13T19:12:47.646+0800: [GC pause (G1 Evacuation Pause) (young) 668M->543M(1024M), 0.0085289 secs]
2022-03-13T19:12:47.659+0800: [GC pause (G1 Evacuation Pause) (mixed) 582M->475M(1024M), 0.0085018 secs]
2022-03-13T19:12:47.673+0800: [GC pause (G1 Evacuation Pause) (mixed) 532M->472M(1024M), 0.0063288 secs]
2022-03-13T19:12:47.680+0800: [GC pause (G1 Humongous Allocation) (young) (initial-mark) 475M->472M(1024M), 0.0067929 secs]
2022-03-13T19:12:47.687+0800: [GC concurrent-root-region-scan-start]
2022-03-13T19:12:47.688+0800: [GC concurrent-root-region-scan-end, 0.0006203 secs]
2022-03-13T19:12:47.688+0800: [GC concurrent-mark-start]
2022-03-13T19:12:47.690+0800: [GC concurrent-mark-end, 0.0017261 secs]
2022-03-13T19:12:47.690+0800: [GC remark, 0.0015495 secs]
2022-03-13T19:12:47.691+0800: [GC cleanup 501M->501M(1024M), 0.0010680 secs]
2022-03-13T19:12:47.726+0800: [GC pause (G1 Evacuation Pause) (young)-- 845M->671M(1024M), 0.0114355 secs]
2022-03-13T19:12:47.739+0800: [GC pause (G1 Evacuation Pause) (mixed) 688M->617M(1024M), 0.0102335 secs]
2022-03-13T19:12:47.749+0800: [GC pause (G1 Humongous Allocation) (young) (initial-mark) 620M->618M(1024M), 0.0040959 secs]
2022-03-13T19:12:47.753+0800: [GC concurrent-root-region-scan-start]
2022-03-13T19:12:47.754+0800: [GC concurrent-root-region-scan-end, 0.0004285 secs]
2022-03-13T19:12:47.754+0800: [GC concurrent-mark-start]
2022-03-13T19:12:47.756+0800: [GC concurrent-mark-end, 0.0019405 secs]
2022-03-13T19:12:47.756+0800: [GC remark, 0.0014173 secs]
2022-03-13T19:12:47.758+0800: [GC cleanup 642M->638M(1024M), 0.0011122 secs]
2022-03-13T19:12:47.759+0800: [GC concurrent-cleanup-start]
2022-03-13T19:12:47.760+0800: [GC concurrent-cleanup-end, 0.0003302 secs]
2022-03-13T19:12:47.780+0800: [GC pause (G1 Evacuation Pause) (young) 845M->659M(1024M), 0.0102489 secs]
2022-03-13T19:12:47.793+0800: [GC pause (G1 Evacuation Pause) (mixed) 695M->573M(1024M), 0.0072914 secs]
2022-03-13T19:12:47.806+0800: [GC pause (G1 Evacuation Pause) (mixed) 627M->510M(1024M), 0.0070468 secs]
2022-03-13T19:12:47.820+0800: [GC pause (G1 Evacuation Pause) (mixed) 565M->500M(1024M), 0.0067829 secs]
2022-03-13T19:12:47.827+0800: [GC pause (G1 Humongous Allocation) (young) (initial-mark) 504M->501M(1024M), 0.0016383 secs]
2022-03-13T19:12:47.829+0800: [GC concurrent-root-region-scan-start]
2022-03-13T19:12:47.830+0800: [GC concurrent-root-region-scan-end, 0.0005512 secs]
2022-03-13T19:12:47.830+0800: [GC concurrent-mark-start]
2022-03-13T19:12:47.832+0800: [GC concurrent-mark-end, 0.0019634 secs]
2022-03-13T19:12:47.834+0800: [GC remark, 0.0012443 secs]
2022-03-13T19:12:47.835+0800: [GC cleanup 543M->540M(1024M), 0.0055440 secs]
2022-03-13T19:12:47.841+0800: [GC concurrent-cleanup-start]
2022-03-13T19:12:47.841+0800: [GC concurrent-cleanup-end, 0.0003118 secs]
2022-03-13T19:12:47.869+0800: [GC pause (G1 Evacuation Pause) (young) 813M->573M(1024M), 0.0135670 secs]
2022-03-13T19:12:47.885+0800: [GC pause (G1 Evacuation Pause) (mixed) 592M->505M(1024M), 0.0091770 secs]
2022-03-13T19:12:47.900+0800: [GC pause (G1 Evacuation Pause) (mixed) 560M->512M(1024M), 0.0057151 secs]
2022-03-13T19:12:47.906+0800: [GC pause (G1 Humongous Allocation) (young) (initial-mark) 513M->512M(1024M), 0.0018151 secs]
2022-03-13T19:12:47.908+0800: [GC concurrent-root-region-scan-start]
2022-03-13T19:12:47.908+0800: [GC concurrent-root-region-scan-end, 0.0004735 secs]
2022-03-13T19:12:47.909+0800: [GC concurrent-mark-start]
2022-03-13T19:12:47.911+0800: [GC concurrent-mark-end, 0.0023002 secs]
2022-03-13T19:12:47.913+0800: [GC remark, 0.0013795 secs]
2022-03-13T19:12:47.914+0800: [GC cleanup 558M->555M(1024M), 0.0055565 secs]
2022-03-13T19:12:47.920+0800: [GC concurrent-cleanup-start]
2022-03-13T19:12:47.920+0800: [GC concurrent-cleanup-end, 0.0003293 secs]
2022-03-13T19:12:47.947+0800: [GC pause (G1 Evacuation Pause) (young) 822M->577M(1024M), 0.0127104 secs]
2022-03-13T19:12:47.962+0800: [GC pause (G1 Evacuation Pause) (mixed) 601M->508M(1024M), 0.0105247 secs]
2022-03-13T19:12:47.978+0800: [GC pause (G1 Evacuation Pause) (mixed) 563M->503M(1024M), 0.0054732 secs]
2022-03-13T19:12:47.984+0800: [GC pause (G1 Humongous Allocation) (young) (initial-mark) 505M->502M(1024M), 0.0018698 secs]
2022-03-13T19:12:47.986+0800: [GC concurrent-root-region-scan-start]
2022-03-13T19:12:47.987+0800: [GC concurrent-root-region-scan-end, 0.0004896 secs]
2022-03-13T19:12:47.987+0800: [GC concurrent-mark-start]
2022-03-13T19:12:47.992+0800: [GC concurrent-mark-end, 0.0046135 secs]
2022-03-13T19:12:47.992+0800: [GC remark, 0.0058206 secs]
2022-03-13T19:12:47.998+0800: [GC cleanup 550M->549M(1024M), 0.0010151 secs]
2022-03-13T19:12:47.999+0800: [GC concurrent-cleanup-start]
2022-03-13T19:12:47.999+0800: [GC concurrent-cleanup-end, 0.0003235 secs]
2022-03-13T19:12:48.027+0800: [GC pause (G1 Evacuation Pause) (young) 834M->566M(1024M), 0.0136285 secs]
执行结束!共生成对象次数:17201
```

### 4g堆内存

14次Young GC，平均耗时19ms，总耗时266ms

```
2022-03-13T19:37:25.931+0800: [GC pause (G1 Evacuation Pause) (young) 204M->72M(4096M), 0.0129727 secs]
2022-03-13T19:37:25.963+0800: [GC pause (G1 Evacuation Pause) (young) 250M->136M(4096M), 0.0152654 secs]
2022-03-13T19:37:25.997+0800: [GC pause (G1 Evacuation Pause) (young) 314M->189M(4096M), 0.0145038 secs]
2022-03-13T19:37:26.028+0800: [GC pause (G1 Evacuation Pause) (young) 367M->244M(4096M), 0.0144086 secs]
2022-03-13T19:37:26.062+0800: [GC pause (G1 Evacuation Pause) (young) 422M->298M(4096M), 0.0144573 secs]
2022-03-13T19:37:26.095+0800: [GC pause (G1 Evacuation Pause) (young) 476M->353M(4096M), 0.0146458 secs]
2022-03-13T19:37:26.126+0800: [GC pause (G1 Evacuation Pause) (young) 531M->401M(4096M), 0.0149400 secs]
2022-03-13T19:37:26.165+0800: [GC pause (G1 Evacuation Pause) (young) 617M->465M(4096M), 0.0166753 secs]
2022-03-13T19:37:26.236+0800: [GC pause (G1 Evacuation Pause) (young) 805M->561M(4096M), 0.0203612 secs]
2022-03-13T19:37:26.283+0800: [GC pause (G1 Evacuation Pause) (young) 847M->640M(4096M), 0.0190815 secs]
2022-03-13T19:37:26.342+0800: [GC pause (G1 Evacuation Pause) (young) 1032M->748M(4096M), 0.0232139 secs]
2022-03-13T19:37:26.406+0800: [GC pause (G1 Evacuation Pause) (young) 1178M->864M(4096M), 0.0241837 secs]
2022-03-13T19:37:26.482+0800: [GC pause (G1 Evacuation Pause) (young) 1374M->992M(4096M), 0.0271041 secs]
2022-03-13T19:37:26.610+0800: [GC pause (G1 Evacuation Pause) (young) 1710M->1157M(4096M), 0.0341241 secs]
执行结束!共生成对象次数:19924
```

